Component: ARM Compiler 5.05 update 1 (build 106) Tool: armlink [4d0efa]

==============================================================================

Section Cross References

    startup_stm32f407xx.o(STACK) refers (Special) to heapauxi.o(.text) for __use_two_region_memory
    startup_stm32f407xx.o(HEAP) refers (Special) to heapauxi.o(.text) for __use_two_region_memory
    startup_stm32f407xx.o(RESET) refers (Special) to heapauxi.o(.text) for __use_two_region_memory
    startup_stm32f407xx.o(RESET) refers to startup_stm32f407xx.o(STACK) for __initial_sp
    startup_stm32f407xx.o(RESET) refers to startup_stm32f407xx.o(.text) for Reset_Handler
    startup_stm32f407xx.o(RESET) refers to stm32f4xx_it.o(i.NMI_Handler) for NMI_Handler
    startup_stm32f407xx.o(RESET) refers to stm32f4xx_it.o(i.HardFault_Handler) for HardFault_Handler
    startup_stm32f407xx.o(RESET) refers to stm32f4xx_it.o(i.MemManage_Handler) for MemManage_Handler
    startup_stm32f407xx.o(RESET) refers to stm32f4xx_it.o(i.BusFault_Handler) for BusFault_Handler
    startup_stm32f407xx.o(RESET) refers to stm32f4xx_it.o(i.UsageFault_Handler) for UsageFault_Handler
    startup_stm32f407xx.o(RESET) refers to port.o(.emb_text) for SVC_Handler
    startup_stm32f407xx.o(RESET) refers to stm32f4xx_it.o(i.DebugMon_Handler) for DebugMon_Handler
    startup_stm32f407xx.o(RESET) refers to stm32f4xx_it.o(i.SysTick_Handler) for SysTick_Handler
    startup_stm32f407xx.o(RESET) refers to stm32f4xx_it.o(i.EXTI0_IRQHandler) for EXTI0_IRQHandler
    startup_stm32f407xx.o(RESET) refers to stm32f4xx_it.o(i.EXTI3_IRQHandler) for EXTI3_IRQHandler
    startup_stm32f407xx.o(RESET) refers to stm32f4xx_it.o(i.EXTI4_IRQHandler) for EXTI4_IRQHandler
    startup_stm32f407xx.o(RESET) refers to stm32f4xx_it.o(i.CAN1_RX0_IRQHandler) for CAN1_RX0_IRQHandler
    startup_stm32f407xx.o(RESET) refers to stm32f4xx_it.o(i.EXTI9_5_IRQHandler) for EXTI9_5_IRQHandler
    startup_stm32f407xx.o(RESET) refers to tim.o(i.TIM2_IRQHandler) for TIM2_IRQHandler
    startup_stm32f407xx.o(RESET) refers to vision.o(i.USART1_IRQHandler) for USART1_IRQHandler
    startup_stm32f407xx.o(RESET) refers to remote_control.o(i.USART3_IRQHandler) for USART3_IRQHandler
    startup_stm32f407xx.o(RESET) refers to bsp_i2c.o(i.DMA1_Stream7_IRQHandler) for DMA1_Stream7_IRQHandler
    startup_stm32f407xx.o(RESET) refers to stm32f4xx_it.o(i.TIM6_DAC_IRQHandler) for TIM6_DAC_IRQHandler
    startup_stm32f407xx.o(RESET) refers to stm32f4xx_it.o(i.DMA2_Stream1_IRQHandler) for DMA2_Stream1_IRQHandler
    startup_stm32f407xx.o(RESET) refers to ins_task.o(i.DMA2_Stream2_IRQHandler) for DMA2_Stream2_IRQHandler
    startup_stm32f407xx.o(RESET) refers to stm32f4xx_it.o(i.CAN2_RX0_IRQHandler) for CAN2_RX0_IRQHandler
    startup_stm32f407xx.o(RESET) refers to stm32f4xx_it.o(i.OTG_FS_IRQHandler) for OTG_FS_IRQHandler
    startup_stm32f407xx.o(RESET) refers to stm32f4xx_it.o(i.DMA2_Stream5_IRQHandler) for DMA2_Stream5_IRQHandler
    startup_stm32f407xx.o(RESET) refers to stm32f4xx_it.o(i.DMA2_Stream6_IRQHandler) for DMA2_Stream6_IRQHandler
    startup_stm32f407xx.o(RESET) refers to stm32f4xx_it.o(i.DMA2_Stream7_IRQHandler) for DMA2_Stream7_IRQHandler
    startup_stm32f407xx.o(RESET) refers to referee_usart_task.o(i.USART6_IRQHandler) for USART6_IRQHandler
    startup_stm32f407xx.o(.text) refers (Special) to heapauxi.o(.text) for __use_two_region_memory
    startup_stm32f407xx.o(.text) refers to system_stm32f4xx.o(i.SystemInit) for SystemInit
    startup_stm32f407xx.o(.text) refers to __main.o(!!!main) for __main
    startup_stm32f407xx.o(.text) refers to startup_stm32f407xx.o(HEAP) for Heap_Mem
    startup_stm32f407xx.o(.text) refers to startup_stm32f407xx.o(STACK) for Stack_Mem
    main.o(i.SystemClock_Config) refers to rt_memclr_w.o(.text) for __aeabi_memclr4
    main.o(i.SystemClock_Config) refers to stm32f4xx_hal_rcc.o(i.HAL_RCC_OscConfig) for HAL_RCC_OscConfig
    main.o(i.SystemClock_Config) refers to main.o(i.Error_Handler) for Error_Handler
    main.o(i.SystemClock_Config) refers to stm32f4xx_hal_rcc.o(i.HAL_RCC_ClockConfig) for HAL_RCC_ClockConfig
    main.o(i.main) refers to stm32f4xx_hal.o(i.HAL_Init) for HAL_Init
    main.o(i.main) refers to main.o(i.SystemClock_Config) for SystemClock_Config
    main.o(i.main) refers to gpio.o(i.MX_GPIO_Init) for MX_GPIO_Init
    main.o(i.main) refers to dma.o(i.MX_DMA_Init) for MX_DMA_Init
    main.o(i.main) refers to adc.o(i.MX_ADC1_Init) for MX_ADC1_Init
    main.o(i.main) refers to adc.o(i.MX_ADC3_Init) for MX_ADC3_Init
    main.o(i.main) refers to can.o(i.MX_CAN1_Init) for MX_CAN1_Init
    main.o(i.main) refers to can.o(i.MX_CAN2_Init) for MX_CAN2_Init
    main.o(i.main) refers to i2c.o(i.MX_I2C1_Init) for MX_I2C1_Init
    main.o(i.main) refers to spi.o(i.MX_SPI1_Init) for MX_SPI1_Init
    main.o(i.main) refers to tim.o(i.MX_TIM4_Init) for MX_TIM4_Init
    main.o(i.main) refers to tim.o(i.MX_TIM5_Init) for MX_TIM5_Init
[...]
    0x080041e4   0x080041e4   0x00000034   Code   RO         6449    i.FLASH_Program_DoubleWord  stm32f4xx_hal_flash.o
    0x08004218   0x08004218   0x00000024   Code   RO         6450    i.FLASH_Program_HalfWord  stm32f4xx_hal_flash.o
    0x0800423c   0x0800423c   0x00000024   Code   RO         6451    i.FLASH_Program_Word  stm32f4xx_hal_flash.o
    0x08004260   0x08004260   0x00000074   Code   RO         6452    i.FLASH_SetErrorCode  stm32f4xx_hal_flash.o
    0x080042d4   0x080042d4   0x00000060   Code   RO         6453    i.FLASH_WaitForLastOperation  stm32f4xx_hal_flash.o
    0x08004334   0x08004334   0x00000008   Code   RO         4938    i.GetChassisData    chassis_task.o
    0x0800433c   0x0800433c   0x00000020   Code   RO         3217    i.GetIMUData        vision.o
    0x0800435c   0x0800435c   0x0000008c   Code   RO         3117    i.Get_SHOOT_RPM     shoot.o
    0x080043e8   0x080043e8   0x00000174   Code   RO         7469    i.HAL_ADC_ConfigChannel  stm32f4xx_hal_adc.o
    0x0800455c   0x0800455c   0x00000006   Code   RO         7476    i.HAL_ADC_GetValue  stm32f4xx_hal_adc.o
    0x08004562   0x08004562   0x00000056   Code   RO         7478    i.HAL_ADC_Init      stm32f4xx_hal_adc.o
    0x080045b8   0x080045b8   0x000000ac   Code   RO          502    i.HAL_ADC_MspInit   adc.o
    0x08004664   0x08004664   0x000000c6   Code   RO         7482    i.HAL_ADC_PollForConversion  stm32f4xx_hal_adc.o
    0x0800472a   0x0800472a   0x00000002   PAD
    0x0800472c   0x0800472c   0x00000128   Code   RO         7484    i.HAL_ADC_Start     stm32f4xx_hal_adc.o
    0x08004854   0x08004854   0x00000024   Code   RO         7743    i.HAL_CAN_ActivateNotification  stm32f4xx_hal_can.o
    0x08004878   0x08004878   0x00000104   Code   RO         7744    i.HAL_CAN_AddTxMessage  stm32f4xx_hal_can.o
    0x0800497c   0x0800497c   0x00000128   Code   RO         7745    i.HAL_CAN_ConfigFilter  stm32f4xx_hal_can.o
    0x08004aa4   0x08004aa4   0x00000002   Code   RO         7748    i.HAL_CAN_ErrorCallback  stm32f4xx_hal_can.o
    0x08004aa6   0x08004aa6   0x0000016c   Code   RO         7751    i.HAL_CAN_GetRxMessage  stm32f4xx_hal_can.o
    0x08004c12   0x08004c12   0x00000234   Code   RO         7755    i.HAL_CAN_IRQHandler  stm32f4xx_hal_can.o
    0x08004e46   0x08004e46   0x00000168   Code   RO         7756    i.HAL_CAN_Init      stm32f4xx_hal_can.o
    0x08004fae   0x08004fae   0x00000002   PAD
    0x08004fb0   0x08004fb0   0x00000160   Code   RO          550    i.HAL_CAN_MspInit   can.o
    0x08005110   0x08005110   0x00000002   Code   RO         7763    i.HAL_CAN_RxFifo0FullCallback  stm32f4xx_hal_can.o
    0x08005112   0x08005112   0x00000002   PAD
    0x08005114   0x08005114   0x0000036c   Code   RO         2627    i.HAL_CAN_RxFifo0MsgPendingCallback  can_receive.o
    0x08005480   0x08005480   0x00000002   Code   RO         7765    i.HAL_CAN_RxFifo1FullCallback  stm32f4xx_hal_can.o
    0x08005482   0x08005482   0x00000002   Code   RO         7766    i.HAL_CAN_RxFifo1MsgPendingCallback  stm32f4xx_hal_can.o
    0x08005484   0x08005484   0x00000002   Code   RO         7767    i.HAL_CAN_SleepCallback  stm32f4xx_hal_can.o
    0x08005486   0x08005486   0x00000064   Code   RO         7768    i.HAL_CAN_Start     stm32f4xx_hal_can.o
    0x080054ea   0x080054ea   0x00000002   Code   RO         7770    i.HAL_CAN_TxMailbox0AbortCallback  stm32f4xx_hal_can.o
    0x080054ec   0x080054ec   0x00000002   Code   RO         7771    i.HAL_CAN_TxMailbox0CompleteCallback  stm32f4xx_hal_can.o
    0x080054ee   0x080054ee   0x00000002   Code   RO         7772    i.HAL_CAN_TxMailbox1AbortCallback  stm32f4xx_hal_can.o
    0x080054f0   0x080054f0   0x00000002   Code   RO         7773    i.HAL_CAN_TxMailbox1CompleteCallback  stm32f4xx_hal_can.o
    0x080054f2   0x080054f2   0x00000002   Code   RO         7774    i.HAL_CAN_TxMailbox2AbortCallback  stm32f4xx_hal_can.o
    0x080054f4   0x080054f4   0x00000002   Code   RO         7775    i.HAL_CAN_TxMailbox2CompleteCallback  stm32f4xx_hal_can.o
    0x080054f6   0x080054f6   0x00000002   Code   RO         7777    i.HAL_CAN_WakeUpFromRxMsgCallback  stm32f4xx_hal_can.o
    0x080054f8   0x080054f8   0x00000024   Code   RO         7980    i.HAL_CRC_Init      stm32f4xx_hal_crc.o
    0x0800551c   0x0800551c   0x00000034   Code   RO          599    i.HAL_CRC_MspInit   crc.o
    0x08005550   0x08005550   0x000001ec   Code   RO         6804    i.HAL_DMA_IRQHandler  stm32f4xx_hal_dma.o
    0x0800573c   0x0800573c   0x000000ec   Code   RO         6805    i.HAL_DMA_Init      stm32f4xx_hal_dma.o
    0x08005828   0x08005828   0x0000004a   Code   RO         6808    i.HAL_DMA_Start     stm32f4xx_hal_dma.o
    0x08005872   0x08005872   0x00000002   PAD
    0x08005874   0x08005874   0x000000ac   Code   RO         6578    i.HAL_FLASHEx_Erase  stm32f4xx_hal_flash_ex.o
    0x08005920   0x08005920   0x00000014   Code   RO         6457    i.HAL_FLASH_Lock    stm32f4xx_hal_flash.o
    0x08005934   0x08005934   0x00000080   Code   RO         6462    i.HAL_FLASH_Program  stm32f4xx_hal_flash.o
    0x080059b4   0x080059b4   0x00000034   Code   RO         6464    i.HAL_FLASH_Unlock  stm32f4xx_hal_flash.o
    0x080059e8   0x080059e8   0x000000b8   Code   RO         5247    i.HAL_GPIO_EXTI_Callback  ins_task.o
    0x08005aa0   0x08005aa0   0x00000018   Code   RO         6691    i.HAL_GPIO_EXTI_IRQHandler  stm32f4xx_hal_gpio.o
    0x08005ab8   0x08005ab8   0x00000210   Code   RO         6692    i.HAL_GPIO_Init     stm32f4xx_hal_gpio.o
    0x08005cc8   0x08005cc8   0x0000000e   Code   RO         6696    i.HAL_GPIO_WritePin  stm32f4xx_hal_gpio.o
    0x08005cd6   0x08005cd6   0x00000002   PAD
    0x08005cd8   0x08005cd8   0x0000000c   Code   RO         7219    i.HAL_GetTick       stm32f4xx_hal.o
    0x08005ce4   0x08005ce4   0x000001ac   Code   RO         8047    i.HAL_I2C_Init      stm32f4xx_hal_i2c.o
    0x08005e90   0x08005e90   0x00000160   Code   RO         8060    i.HAL_I2C_Master_Transmit  stm32f4xx_hal_i2c.o
    0x08005ff0   0x08005ff0   0x000002c0   Code   RO         8065    i.HAL_I2C_Mem_Read  stm32f4xx_hal_i2c.o
    0x080062b0   0x080062b0   0x00000174   Code   RO         8068    i.HAL_I2C_Mem_Write  stm32f4xx_hal_i2c.o
    0x08006424   0x08006424   0x00000208   Code   RO          665    i.HAL_I2C_MspInit   i2c.o
    0x0800662c   0x0800662c   0x00000010   Code   RO         7225    i.HAL_IncTick       stm32f4xx_hal.o
    0x0800663c   0x0800663c   0x00000034   Code   RO         7226    i.HAL_Init          stm32f4xx_hal.o
    0x08006670   0x08006670   0x00000044   Code   RO         7227    i.HAL_InitTick      stm32f4xx_hal.o
    0x080066b4   0x080066b4   0x00000054   Code   RO         1556    i.HAL_MspInit       stm32f4xx_hal_msp.o
    0x08006708   0x08006708   0x0000001c   Code   RO         7081    i.HAL_NVIC_EnableIRQ  stm32f4xx_hal_cortex.o
    0x08006724   0x08006724   0x00000068   Code   RO         7087    i.HAL_NVIC_SetPriority  stm32f4xx_hal_cortex.o
    0x0800678c   0x0800678c   0x00000024   Code   RO         7088    i.HAL_NVIC_SetPriorityGrouping  stm32f4xx_hal_cortex.o
    0x080067b0   0x080067b0   0x00000002   Code   RO         5940    i.HAL_PCDEx_LPM_Callback  stm32f4xx_hal_pcd_ex.o
    0x080067b2   0x080067b2   0x0000000e   Code   RO         1066    i.HAL_PCD_ConnectCallback  usbd_conf.o
    0x080067c0   0x080067c0   0x00000020   Code   RO         1067    i.HAL_PCD_DataInStageCallback  usbd_conf.o
    0x080067e0   0x080067e0   0x00000020   Code   RO         1068    i.HAL_PCD_DataOutStageCallback  usbd_conf.o
    0x08006800   0x08006800   0x0000000e   Code   RO         1069    i.HAL_PCD_DisconnectCallback  usbd_conf.o
    0x0800680e   0x0800680e   0x00000020   Code   RO         5705    i.HAL_PCD_EP_Abort  stm32f4xx_hal_pcd.o
    0x0800682e   0x0800682e   0x0000005c   Code   RO         5707    i.HAL_PCD_EP_ClrStall  stm32f4xx_hal_pcd.o
    0x0800688a   0x0800688a   0x0000005c   Code   RO         5710    i.HAL_PCD_EP_Open   stm32f4xx_hal_pcd.o
    0x080068e6   0x080068e6   0x00000046   Code   RO         5711    i.HAL_PCD_EP_Receive  stm32f4xx_hal_pcd.o
    0x0800692c   0x0800692c   0x00000074   Code   RO         5712    i.HAL_PCD_EP_SetStall  stm32f4xx_hal_pcd.o
    0x080069a0   0x080069a0   0x00000046   Code   RO         5713    i.HAL_PCD_EP_Transmit  stm32f4xx_hal_pcd.o
    0x080069e6   0x080069e6   0x00000564   Code   RO         5715    i.HAL_PCD_IRQHandler  stm32f4xx_hal_pcd.o
    0x08006f4a   0x08006f4a   0x00000012   Code   RO         1070    i.HAL_PCD_ISOINIncompleteCallback  usbd_conf.o
    0x08006f5c   0x08006f5c   0x00000012   Code   RO         1071    i.HAL_PCD_ISOOUTIncompleteCallback  usbd_conf.o
    0x08006f6e   0x08006f6e   0x00000030   Code   RO         1074    i.HAL_PCD_ResetCallback  usbd_conf.o
    0x08006f9e   0x08006f9e   0x0000000e   Code   RO         1075    i.HAL_PCD_ResumeCallback  usbd_conf.o
    0x08006fac   0x08006fac   0x0000000e   Code   RO         1076    i.HAL_PCD_SOFCallback  usbd_conf.o
    0x08006fba   0x08006fba   0x00000028   Code   RO         5724    i.HAL_PCD_SetAddress  stm32f4xx_hal_pcd.o
    0x08006fe2   0x08006fe2   0x00000012   Code   RO         1077    i.HAL_PCD_SetupStageCallback  usbd_conf.o
    0x08006ff4   0x08006ff4   0x00000034   Code   RO         1078    i.HAL_PCD_SuspendCallback  usbd_conf.o
    0x08007028   0x08007028   0x0000017c   Code   RO         6398    i.HAL_RCCEx_PeriphCLKConfig  stm32f4xx_hal_rcc_ex.o
    0x080071a4   0x080071a4   0x0000017c   Code   RO         6293    i.HAL_RCC_ClockConfig  stm32f4xx_hal_rcc.o
    0x08007320   0x08007320   0x0000000c   Code   RO         6298    i.HAL_RCC_GetHCLKFreq  stm32f4xx_hal_rcc.o
    0x0800732c   0x0800732c   0x00000020   Code   RO         6300    i.HAL_RCC_GetPCLK1Freq  stm32f4xx_hal_rcc.o
    0x0800734c   0x0800734c   0x00000020   Code   RO         6301    i.HAL_RCC_GetPCLK2Freq  stm32f4xx_hal_rcc.o
    0x0800736c   0x0800736c   0x00000070   Code   RO         6302    i.HAL_RCC_GetSysClockFreq  stm32f4xx_hal_rcc.o
    0x080073dc   0x080073dc   0x00000482   Code   RO         6305    i.HAL_RCC_OscConfig  stm32f4xx_hal_rcc.o
    0x0800785e   0x0800785e   0x00000034   Code   RO         8535    i.HAL_RNG_Init      stm32f4xx_hal_rng.o
    0x08007892   0x08007892   0x00000002   PAD
    0x08007894   0x08007894   0x00000034   Code   RO          719    i.HAL_RNG_MspInit   rng.o
    0x080078c8   0x080078c8   0x00000094   Code   RO         8641    i.HAL_RTC_Init      stm32f4xx_hal_rtc.o
    0x0800795c   0x0800795c   0x00000040   Code   RO          761    i.HAL_RTC_MspInit   rtc.o
    0x0800799c   0x0800799c   0x0000003c   Code   RO         8649    i.HAL_RTC_WaitForSynchro  stm32f4xx_hal_rtc.o
    0x080079d8   0x080079d8   0x000000be   Code   RO         9041    i.HAL_SPI_Init      stm32f4xx_hal_spi.o
    0x08007a96   0x08007a96   0x00000002   PAD
    0x08007a98   0x08007a98   0x000001cc   Code   RO          803    i.HAL_SPI_MspInit   spi.o
    0x08007c64   0x08007c64   0x000001f8   Code   RO         9050    i.HAL_SPI_TransmitReceive  stm32f4xx_hal_spi.o
    0x08007e5c   0x08007e5c   0x00000028   Code   RO         7092    i.HAL_SYSTICK_Config  stm32f4xx_hal_cortex.o
    0x08007e84   0x08007e84   0x00000002   Code   RO        10069    i.HAL_TIMEx_BreakCallback  stm32f4xx_hal_tim_ex.o
    0x08007e86   0x08007e86   0x00000002   Code   RO        10070    i.HAL_TIMEx_CommutCallback  stm32f4xx_hal_tim_ex.o
    0x08007e88   0x08007e88   0x00000066   Code   RO        10072    i.HAL_TIMEx_ConfigBreakDeadTime  stm32f4xx_hal_tim_ex.o
    0x08007eee   0x08007eee   0x00000082   Code   RO        10088    i.HAL_TIMEx_MasterConfigSynchronization  stm32f4xx_hal_tim_ex.o
    0x08007f70   0x08007f70   0x0000005c   Code   RO         9354    i.HAL_TIM_Base_Init  stm32f4xx_hal_tim.o
    0x08007fcc   0x08007fcc   0x000001cc   Code   RO          851    i.HAL_TIM_Base_MspInit  tim.o
    0x08008198   0x08008198   0x00000068   Code   RO         9357    i.HAL_TIM_Base_Start  stm32f4xx_hal_tim.o
    0x08008200   0x08008200   0x00000072   Code   RO         9359    i.HAL_TIM_Base_Start_IT  stm32f4xx_hal_tim.o
    0x08008272   0x08008272   0x000000ea   Code   RO         9363    i.HAL_TIM_ConfigClockSource  stm32f4xx_hal_tim.o
    0x0800835c   0x0800835c   0x00000002   Code   RO         9388    i.HAL_TIM_IC_CaptureCallback  stm32f4xx_hal_tim.o
    0x0800835e   0x0800835e   0x00000174   Code   RO         9402    i.HAL_TIM_IRQHandler  stm32f4xx_hal_tim.o
    0x080084d2   0x080084d2   0x00000002   PAD
    0x080084d4   0x080084d4   0x000002c0   Code   RO          852    i.HAL_TIM_MspPostInit  tim.o
    0x08008794   0x08008794   0x00000002   Code   RO         9405    i.HAL_TIM_OC_DelayElapsedCallback  stm32f4xx_hal_tim.o
    0x08008796   0x08008796   0x000000d8   Code   RO         9426    i.HAL_TIM_PWM_ConfigChannel  stm32f4xx_hal_tim.o
    0x0800886e   0x0800886e   0x0000005c   Code   RO         9429    i.HAL_TIM_PWM_Init  stm32f4xx_hal_tim.o
    0x080088ca   0x080088ca   0x00000002   Code   RO         9431    i.HAL_TIM_PWM_MspInit  stm32f4xx_hal_tim.o
    0x080088cc   0x080088cc   0x00000002   Code   RO         9432    i.HAL_TIM_PWM_PulseFinishedCallback  stm32f4xx_hal_tim.o
    0x080088ce   0x080088ce   0x00000002   PAD
    0x080088d0   0x080088d0   0x000000cc   Code   RO         9434    i.HAL_TIM_PWM_Start  stm32f4xx_hal_tim.o
    0x0800899c   0x0800899c   0x000000b0   Code   RO         3118    i.HAL_TIM_PeriodElapsedCallback  shoot.o
    0x08008a4c   0x08008a4c   0x00000002   Code   RO         9445    i.HAL_TIM_TriggerCallback  stm32f4xx_hal_tim.o
    0x08008a4e   0x08008a4e   0x00000064   Code   RO        10365    i.HAL_UART_Init     stm32f4xx_hal_uart.o
    0x08008ab2   0x08008ab2   0x00000002   PAD
    0x08008ab4   0x08008ab4   0x00000344   Code   RO          965    i.HAL_UART_MspInit  usart.o
    0x08008df8   0x08008df8   0x000000ca   Code   RO        10373    i.HAL_UART_Transmit  stm32f4xx_hal_uart.o
    0x08008ec2   0x08008ec2   0x00000004   Code   RO         1432    i.HardFault_Handler  stm32f4xx_it.o
    0x08008ec6   0x08008ec6   0x00000002   PAD
    0x08008ec8   0x08008ec8   0x00000068   Code   RO         3119    i.HeatLimitUpdate   shoot.o
    0x08008f30   0x08008f30   0x00000020   Code   RO         2181    i.I2C2_DMA_transmit  bsp_i2c.o
    0x08008f50   0x08008f50   0x000000c0   Code   RO         2182    i.I2C2_tx_DMA_enable  bsp_i2c.o
    0x08009010   0x08009010   0x000000c0   Code   RO         2183    i.I2C2_tx_DMA_init  bsp_i2c.o
    0x080090d0   0x080090d0   0x00000032   Code   RO         8090    i.I2C_IsAcknowledgeFailed  stm32f4xx_hal_i2c.o
    0x08009102   0x08009102   0x00000002   PAD
    0x08009104   0x08009104   0x000000b4   Code   RO         8094    i.I2C_MasterRequestWrite  stm32f4xx_hal_i2c.o
    0x080091b8   0x080091b8   0x00000154   Code   RO         8101    i.I2C_RequestMemoryRead  stm32f4xx_hal_i2c.o
    0x0800930c   0x0800930c   0x000000d0   Code   RO         8102    i.I2C_RequestMemoryWrite  stm32f4xx_hal_i2c.o
    0x080093dc   0x080093dc   0x000000fc   Code   RO         2184    i.I2C_TX_DMA_START  bsp_i2c.o
    0x080094d8   0x080094d8   0x0000005c   Code   RO         8110    i.I2C_WaitOnBTFFlagUntilTimeout  stm32f4xx_hal_i2c.o
    0x08009534   0x08009534   0x000000b4   Code   RO         8111    i.I2C_WaitOnFlagUntilTimeout  stm32f4xx_hal_i2c.o
    0x080095e8   0x080095e8   0x000000ce   Code   RO         8112    i.I2C_WaitOnMasterAddressFlagUntilTimeout  stm32f4xx_hal_i2c.o
    0x080096b6   0x080096b6   0x0000007c   Code   RO         8113    i.I2C_WaitOnRXNEFlagUntilTimeout  stm32f4xx_hal_i2c.o
    0x08009732   0x08009732   0x0000005c   Code   RO         8116    i.I2C_WaitOnTXEFlagUntilTimeout  stm32f4xx_hal_i2c.o
    0x0800978e   0x0800978e   0x00000002   PAD
    0x08009790   0x08009790   0x0000000c   Code   RO         3287    i.ID1CoolingHeat    referee_lib.o
    0x0800979c   0x0800979c   0x0000000c   Code   RO         3288    i.ID1_cooling_limit  referee_lib.o
    0x080097a8   0x080097a8   0x0000000c   Code   RO         3290    i.ID1_speed_limit   referee_lib.o
    0x080097b4   0x080097b4   0x0000007c   Code   RO         5248    i.INS_cali_gyro     ins_task.o
    0x08009830   0x08009830   0x00000048   Code   RO         5249    i.INS_set_cali_gyro  ins_task.o
    0x08009878   0x08009878   0x0000034c   Code   RO         5250    i.INS_task          ins_task.o
    0x08009bc4   0x08009bc4   0x00000114   Code   RO         3218    i.LanggoUartFrameIRQHandler  vision.o
    0x08009cd8   0x08009cd8   0x00000020   Code   RO         4774    i.Low_Pass_Filter_Init  filter.o
    0x08009cf8   0x08009cf8   0x00000042   Code   RO         4775    i.Low_Pass_Filter_OUT  filter.o
    0x08009d3a   0x08009d3a   0x00000002   PAD
    0x08009d3c   0x08009d3c   0x00000070   Code   RO          503    i.MX_ADC1_Init      adc.o
    0x08009dac   0x08009dac   0x00000070   Code   RO          504    i.MX_ADC3_Init      adc.o
    0x08009e1c   0x08009e1c   0x00000044   Code   RO          551    i.MX_CAN1_Init      can.o
    0x08009e60   0x08009e60   0x00000044   Code   RO          552    i.MX_CAN2_Init      can.o
    0x08009ea4   0x08009ea4   0x00000020   Code   RO          600    i.MX_CRC_Init       crc.o
    0x08009ec4   0x08009ec4   0x000000c8   Code   RO          640    i.MX_DMA_Init       dma.o
    0x08009f8c   0x08009f8c   0x00000140   Code   RO          442    i.MX_FREERTOS_Init  freertos.o
    0x0800a0cc   0x0800a0cc   0x00000278   Code   RO          418    i.MX_GPIO_Init      gpio.o
    0x0800a344   0x0800a344   0x0000003c   Code   RO          666    i.MX_I2C1_Init      i2c.o
    0x0800a380   0x0800a380   0x0000003c   Code   RO          667    i.MX_I2C2_Init      i2c.o
    0x0800a3bc   0x0800a3bc   0x0000003c   Code   RO          668    i.MX_I2C3_Init      i2c.o
    0x0800a3f8   0x0800a3f8   0x00000020   Code   RO          720    i.MX_RNG_Init       rng.o
    0x0800a418   0x0800a418   0x00000034   Code   RO          762    i.MX_RTC_Init       rtc.o
    0x0800a44c   0x0800a44c   0x00000048   Code   RO          804    i.MX_SPI1_Init      spi.o
    0x0800a494   0x0800a494   0x00000048   Code   RO          805    i.MX_SPI2_Init      spi.o
    0x0800a4dc   0x0800a4dc   0x0000006c   Code   RO          853    i.MX_TIM10_Init     tim.o
    0x0800a548   0x0800a548   0x0000010c   Code   RO          855    i.MX_TIM1_Init      tim.o
    0x0800a654   0x0800a654   0x0000006c   Code   RO          856    i.MX_TIM2_Init      tim.o
    0x0800a6c0   0x0800a6c0   0x000000a4   Code   RO          857    i.MX_TIM3_Init      tim.o
    0x0800a764   0x0800a764   0x000000a4   Code   RO          858    i.MX_TIM4_Init      tim.o
    0x0800a808   0x0800a808   0x000000c4   Code   RO          859    i.MX_TIM5_Init      tim.o
    0x0800a8cc   0x0800a8cc   0x00000070   Code   RO          860    i.MX_TIM6_Init      tim.o
    0x0800a93c   0x0800a93c   0x000000ec   Code   RO          861    i.MX_TIM8_Init      tim.o
    0x0800aa28   0x0800aa28   0x0000003c   Code   RO          966    i.MX_USART1_UART_Init  usart.o
    0x0800aa64   0x0800aa64   0x0000003c   Code   RO          967    i.MX_USART3_UART_Init  usart.o
    0x0800aaa0   0x0800aaa0   0x00000038   Code   RO          968    i.MX_USART6_UART_Init  usart.o
    0x0800aad8   0x0800aad8   0x00000040   Code   RO         2422    i.MY_UART_DMA_Init  bsp_usart.o
    0x0800ab18   0x0800ab18   0x00000066   Code   RO         2423    i.MY_UART_Receive_DMA  bsp_usart.o
    0x0800ab7e   0x0800ab7e   0x00000002   PAD
    0x0800ab80   0x0800ab80   0x00000168   Code   RO         2424    i.MY_UART_callback  bsp_usart.o
    0x0800ace8   0x0800ace8   0x00000004   Code   RO         1433    i.MemManage_Handler  stm32f4xx_it.o
    0x0800acec   0x0800acec   0x00000012   Code   RO         3295    i.MyColour          referee_lib.o
    0x0800acfe   0x0800acfe   0x00000002   Code   RO         1434    i.NMI_Handler       stm32f4xx_it.o
    0x0800ad00   0x0800ad00   0x0000001c   Code   RO         3406    i.OLED_LOGO         oled.o
    0x0800ad1c   0x0800ad1c   0x00000010   Code   RO         3407    i.OLED_check_ack    oled.o
    0x0800ad2c   0x0800ad2c   0x0000002c   Code   RO         3408    i.OLED_com_reset    oled.o
    0x0800ad58   0x0800ad58   0x00000088   Code   RO         3412    i.OLED_draw_point   oled.o
    0x0800ade0   0x0800ade0   0x000000f8   Code   RO         3413    i.OLED_init         oled.o
    0x0800aed8   0x0800aed8   0x00000054   Code   RO         3414    i.OLED_operate_gram  oled.o
    0x0800af2c   0x0800af2c   0x00000040   Code   RO         3415    i.OLED_printf       oled.o
    0x0800af6c   0x0800af6c   0x00000020   Code   RO         3416    i.OLED_refresh_gram  oled.o
    0x0800af8c   0x0800af8c   0x00000040   Code   RO         3417    i.OLED_set_pos      oled.o
    0x0800afcc   0x0800afcc   0x0000008c   Code   RO         3418    i.OLED_show_char    oled.o
    0x0800b058   0x0800b058   0x0000008a   Code   RO         3419    i.OLED_show_graphic  oled.o
    0x0800b0e2   0x0800b0e2   0x00000032   Code   RO         3420    i.OLED_show_string  oled.o
    0x0800b114   0x0800b114   0x00000010   Code   RO         1435    i.OTG_FS_IRQHandler  stm32f4xx_it.o
    0x0800b124   0x0800b124   0x00000048   Code   RO         5731    i.PCD_EP_OutSetupPacket_int  stm32f4xx_hal_pcd.o
    0x0800b16c   0x0800b16c   0x000000e8   Code   RO         5732    i.PCD_EP_OutXfrComplete_int  stm32f4xx_hal_pcd.o
    0x0800b254   0x0800b254   0x000000a2   Code   RO         5733    i.PCD_WriteEmptyTxFifo  stm32f4xx_hal_pcd.o
    0x0800b2f6   0x0800b2f6   0x00000002   PAD
    0x0800b2f8   0x0800b2f8   0x000001f0   Code   RO         4600    i.PID_calc          pid.o
    0x0800b4e8   0x0800b4e8   0x0000004c   Code   RO         4601    i.PID_clear         pid.o
    0x0800b534   0x0800b534   0x00000060   Code   RO         4602    i.PID_init          pid.o
    0x0800b594   0x0800b594   0x00000050   Code   RO         4649    i.PID_struct_init   my_pid.o
    0x0800b5e4   0x0800b5e4   0x0000009c   Code   RO         2313    i.RC_Init           bsp_rc.o
    0x0800b680   0x0800b680   0x00000374   Code   RO         4804    i.RC_cmd_to_calibrate  calibrate_task.o
    0x0800b9f4   0x0800b9f4   0x00000050   Code   RO         2314    i.RC_restart        bsp_rc.o
    0x0800ba44   0x0800ba44   0x00000018   Code   RO         2315    i.RC_unable         bsp_rc.o
    0x0800ba5c   0x0800ba5c   0x00000048   Code   RO         8652    i.RTC_EnterInitMode  stm32f4xx_hal_rtc.o
    0x0800baa4   0x0800baa4   0x0000002c   Code   RO         8653    i.RTC_ExitInitMode  stm32f4xx_hal_rtc.o
    0x0800bad0   0x0800bad0   0x0000273c   Code   RO         2388    i.SPI1_DMA_enable   bsp_spi.o
    0x0800e20c   0x0800e20c   0x00000180   Code   RO         2389    i.SPI1_DMA_init     bsp_spi.o
    0x0800e38c   0x0800e38c   0x00000064   Code   RO         9079    i.SPI_EndRxTxTransaction  stm32f4xx_hal_spi.o
    0x0800e3f0   0x0800e3f0   0x000000d8   Code   RO         9084    i.SPI_WaitFlagStateUntilTimeout  stm32f4xx_hal_spi.o
    0x0800e4c8   0x0800e4c8   0x00000014   Code   RO         1436    i.SysTick_Handler   stm32f4xx_it.o
    0x0800e4dc   0x0800e4dc   0x000000b4   Code   RO           15    i.SystemClock_Config  main.o
    0x0800e590   0x0800e590   0x00000064   Code   RO         1721    i.SystemInit        system_stm32f4xx.o
    0x0800e5f4   0x0800e5f4   0x00000084   Code   RO         2593    i.SystemPIDInit     bsp_pid.o
    0x0800e678   0x0800e678   0x00000010   Code   RO          863    i.TIM2_IRQHandler   tim.o
    0x0800e688   0x0800e688   0x00000010   Code   RO         1437    i.TIM6_DAC_IRQHandler  stm32f4xx_it.o
    0x0800e698   0x0800e698   0x000000b8   Code   RO         9447    i.TIM_Base_SetConfig  stm32f4xx_hal_tim.o
    0x0800e750   0x0800e750   0x0000001e   Code   RO         9448    i.TIM_CCxChannelCmd  stm32f4xx_hal_tim.o
    0x0800e76e   0x0800e76e   0x00000016   Code   RO         9458    i.TIM_ETR_SetConfig  stm32f4xx_hal_tim.o
    0x0800e784   0x0800e784   0x00000010   Code   RO         9459    i.TIM_ITRx_SetConfig  stm32f4xx_hal_tim.o
    0x0800e794   0x0800e794   0x00000070   Code   RO         9460    i.TIM_OC1_SetConfig  stm32f4xx_hal_tim.o
    0x0800e804   0x0800e804   0x00000078   Code   RO         9461    i.TIM_OC2_SetConfig  stm32f4xx_hal_tim.o
    0x0800e87c   0x0800e87c   0x00000078   Code   RO         9462    i.TIM_OC3_SetConfig  stm32f4xx_hal_tim.o
    0x0800e8f4   0x0800e8f4   0x00000054   Code   RO         9463    i.TIM_OC4_SetConfig  stm32f4xx_hal_tim.o
    0x0800e948   0x0800e948   0x00000026   Code   RO         9465    i.TIM_TI1_ConfigInputStage  stm32f4xx_hal_tim.o
    0x0800e96e   0x0800e96e   0x00000024   Code   RO         9467    i.TIM_TI2_ConfigInputStage  stm32f4xx_hal_tim.o
    0x0800e992   0x0800e992   0x00000002   PAD
    0x0800e994   0x0800e994   0x00000020   Code   RO         4939    i.TOP_Priority      chassis_task.o
    0x0800e9b4   0x0800e9b4   0x000000f8   Code   RO        10392    i.UART_SetConfig    stm32f4xx_hal_uart.o
    0x0800eaac   0x0800eaac   0x0000008c   Code   RO        10396    i.UART_WaitOnFlagUntilTimeout  stm32f4xx_hal_uart.o
    0x0800eb38   0x0800eb38   0x00000010   Code   RO         3219    i.USART1_IRQHandler  vision.o
    0x0800eb48   0x0800eb48   0x00000140   Code   RO         3033    i.USART3_IRQHandler  remote_control.o
    0x0800ec88   0x0800ec88   0x00000128   Code   RO         5485    i.USART6_IRQHandler  referee_usart_task.o
    0x0800edb0   0x0800edb0   0x00000014   Code   RO        12228    i.USBD_ClrClassConfig  usbd_core.o
    0x0800edc4   0x0800edc4   0x00000026   Code   RO        12390    i.USBD_ClrFeature   usbd_ctlreq.o
    0x0800edea   0x0800edea   0x00000004   Code   RO        12229    i.USBD_CoreFindEP   usbd_core.o
    0x0800edee   0x0800edee   0x00000004   Code   RO        12230    i.USBD_CoreFindIF   usbd_core.o
    0x0800edf2   0x0800edf2   0x00000010   Code   RO        12488    i.USBD_CtlContinueRx  usbd_ioreq.o
    0x0800ee02   0x0800ee02   0x00000010   Code   RO        12489    i.USBD_CtlContinueSendData  usbd_ioreq.o
    0x0800ee12   0x0800ee12   0x00000018   Code   RO        12391    i.USBD_CtlError     usbd_ctlreq.o
    0x0800ee2a   0x0800ee2a   0x00000016   Code   RO        12491    i.USBD_CtlReceiveStatus  usbd_ioreq.o
    0x0800ee40   0x0800ee40   0x0000001a   Code   RO        12492    i.USBD_CtlSendData  usbd_ioreq.o
    0x0800ee5a   0x0800ee5a   0x00000016   Code   RO        12493    i.USBD_CtlSendStatus  usbd_ioreq.o
    0x0800ee70   0x0800ee70   0x00000034   Code   RO        12392    i.USBD_GetConfig    usbd_ctlreq.o
    0x0800eea4   0x0800eea4   0x000001b4   Code   RO        12393    i.USBD_GetDescriptor  usbd_ctlreq.o
    0x0800f058   0x0800f058   0x00000036   Code   RO        12395    i.USBD_GetStatus    usbd_ctlreq.o
    0x0800f08e   0x0800f08e   0x0000002c   Code   RO         1079    i.USBD_Get_USB_Status  usbd_conf.o
    0x0800f0ba   0x0800f0ba   0x00000026   Code   RO         1080    i.USBD_LL_ClearStallEP  usbd_conf.o
    0x0800f0e0   0x0800f0e0   0x000000dc   Code   RO        12235    i.USBD_LL_DataInStage  usbd_core.o
    0x0800f1bc   0x0800f1bc   0x000000d0   Code   RO        12236    i.USBD_LL_DataOutStage  usbd_core.o
    0x0800f28c   0x0800f28c   0x00000004   Code   RO        12237    i.USBD_LL_DevConnected  usbd_core.o
    0x0800f290   0x0800f290   0x00000020   Code   RO        12238    i.USBD_LL_DevDisconnected  usbd_core.o
    0x0800f2b0   0x0800f2b0   0x00000038   Code   RO         1087    i.USBD_LL_IsStallEP  usbd_conf.o
    0x0800f2e8   0x0800f2e8   0x0000002a   Code   RO        12239    i.USBD_LL_IsoINIncomplete  usbd_core.o
    0x0800f312   0x0800f312   0x0000002a   Code   RO        12240    i.USBD_LL_IsoOUTIncomplete  usbd_core.o
    0x0800f33c   0x0800f33c   0x00000030   Code   RO         1088    i.USBD_LL_OpenEP    usbd_conf.o
    0x0800f36c   0x0800f36c   0x00000030   Code   RO         1089    i.USBD_LL_PrepareReceive  usbd_conf.o
    0x0800f39c   0x0800f39c   0x00000060   Code   RO        12241    i.USBD_LL_Reset     usbd_core.o
    0x0800f3fc   0x0800f3fc   0x00000014   Code   RO        12242    i.USBD_LL_Resume    usbd_core.o
    0x0800f410   0x0800f410   0x0000001a   Code   RO        12243    i.USBD_LL_SOF       usbd_core.o
    0x0800f42a   0x0800f42a   0x00000006   Code   RO        12244    i.USBD_LL_SetSpeed  usbd_core.o
    0x0800f430   0x0800f430   0x00000026   Code   RO         1090    i.USBD_LL_SetUSBAddress  usbd_conf.o
    0x0800f456   0x0800f456   0x00000064   Code   RO        12245    i.USBD_LL_SetupStage  usbd_core.o
    0x0800f4ba   0x0800f4ba   0x00000026   Code   RO         1091    i.USBD_LL_StallEP   usbd_conf.o
    0x0800f4e0   0x0800f4e0   0x00000012   Code   RO        12246    i.USBD_LL_Suspend   usbd_core.o
    0x0800f4f2   0x0800f4f2   0x00000030   Code   RO         1094    i.USBD_LL_Transmit  usbd_conf.o
    0x0800f522   0x0800f522   0x00000032   Code   RO        12397    i.USBD_ParseSetupRequest  usbd_ctlreq.o
    0x0800f554   0x0800f554   0x00000004   Code   RO        12248    i.USBD_RunTestMode  usbd_core.o
    0x0800f558   0x0800f558   0x00000058   Code   RO        12398    i.USBD_SetAddress   usbd_ctlreq.o
    0x0800f5b0   0x0800f5b0   0x00000014   Code   RO        12249    i.USBD_SetClassConfig  usbd_core.o
    0x0800f5c4   0x0800f5c4   0x000000dc   Code   RO        12399    i.USBD_SetConfig    usbd_ctlreq.o
    0x0800f6a0   0x0800f6a0   0x00000024   Code   RO        12400    i.USBD_SetFeature   usbd_ctlreq.o
    0x0800f6c4   0x0800f6c4   0x00000076   Code   RO        12401    i.USBD_StdDevReq    usbd_ctlreq.o
    0x0800f73a   0x0800f73a   0x0000022e   Code   RO        12402    i.USBD_StdEPReq     usbd_ctlreq.o
    0x0800f968   0x0800f968   0x0000008a   Code   RO        12403    i.USBD_StdItfReq    usbd_ctlreq.o
    0x0800f9f2   0x0800f9f2   0x00000002   PAD
    0x0800f9f4   0x0800f9f4   0x0000009c   Code   RO         5982    i.USB_ActivateEndpoint  stm32f4xx_ll_usb.o
    0x0800fa90   0x0800fa90   0x0000001c   Code   RO         5984    i.USB_ActivateSetup  stm32f4xx_ll_usb.o
    0x0800faac   0x0800faac   0x0000012e   Code   RO         5997    i.USB_EP0StartXfer  stm32f4xx_ll_usb.o
    0x0800fbda   0x0800fbda   0x00000002   PAD
    0x0800fbdc   0x0800fbdc   0x00000060   Code   RO         5998    i.USB_EP0_OutStart  stm32f4xx_ll_usb.o
    0x0800fc3c   0x0800fc3c   0x00000058   Code   RO         5999    i.USB_EPClearStall  stm32f4xx_ll_usb.o
    0x0800fc94   0x0800fc94   0x0000005e   Code   RO         6000    i.USB_EPSetStall    stm32f4xx_ll_usb.o
    0x0800fcf2   0x0800fcf2   0x0000022c   Code   RO         6001    i.USB_EPStartXfer   stm32f4xx_ll_usb.o
    0x0800ff1e   0x0800ff1e   0x000000b4   Code   RO         6002    i.USB_EPStopXfer    stm32f4xx_ll_usb.o
    0x0800ffd2   0x0800ffd2   0x00000002   PAD
    0x0800ffd4   0x0800ffd4   0x00000058   Code   RO         6005    i.USB_FlushTxFifo   stm32f4xx_ll_usb.o
    0x0801002c   0x0801002c   0x00000020   Code   RO         6007    i.USB_GetDevSpeed   stm32f4xx_ll_usb.o
    0x0801004c   0x0801004c   0x00000008   Code   RO         6009    i.USB_GetMode       stm32f4xx_ll_usb.o
    0x08010054   0x08010054   0x0000000e   Code   RO         6016    i.USB_ReadDevAllInEpInterrupt  stm32f4xx_ll_usb.o
    0x08010062   0x08010062   0x0000000e   Code   RO         6017    i.USB_ReadDevAllOutEpInterrupt  stm32f4xx_ll_usb.o
    0x08010070   0x08010070   0x00000024   Code   RO         6018    i.USB_ReadDevInEPInterrupt  stm32f4xx_ll_usb.o
    0x08010094   0x08010094   0x00000010   Code   RO         6019    i.USB_ReadDevOutEPInterrupt  stm32f4xx_ll_usb.o
    0x080100a4   0x080100a4   0x00000008   Code   RO         6020    i.USB_ReadInterrupts  stm32f4xx_ll_usb.o
    0x080100ac   0x080100ac   0x00000048   Code   RO         6021    i.USB_ReadPacket    stm32f4xx_ll_usb.o
    0x080100f4   0x080100f4   0x00000022   Code   RO         6024    i.USB_SetDevAddress  stm32f4xx_ll_usb.o
    0x08010116   0x08010116   0x00000002   PAD
    0x08010118   0x08010118   0x000000f4   Code   RO         6026    i.USB_SetTurnaroundTime  stm32f4xx_ll_usb.o
    0x0801020c   0x0801020c   0x00000034   Code   RO         6029    i.USB_WritePacket   stm32f4xx_ll_usb.o
    0x08010240   0x08010240   0x00000004   Code   RO         1438    i.UsageFault_Handler  stm32f4xx_it.o
    0x08010244   0x08010244   0x00000014   Code   RO         3034    i.UseVision         remote_control.o
    0x08010258   0x08010258   0x00000032   Code   RO         4076    i.VAL_LIMIT         user_lib.o
    0x0801028a   0x0801028a   0x00000002   PAD
    0x0801028c   0x0801028c   0x000000a4   Code   RO         5648    i.VisionPIDInit     vision_task.o
    0x08010330   0x08010330   0x00000002   Code   RO         3220    i.Vision_Kalman_Init  vision.o
    0x08010332   0x08010332   0x0000001e   Code   RO         5649    i.Vision_task       vision_task.o
    0x08010350   0x08010350   0x00000030   Code   RO        13466    i.__ARM_fpclassify  m_wm.l(fpclassify.o)
    0x08010380   0x08010380   0x00000026   Code   RO        13468    i.__ARM_fpclassifyf  m_wm.l(fpclassifyf.o)
    0x080103a6   0x080103a6   0x00000006   Code   RO         4318    i.__get_PRIMASK     fifo.o
    0x080103ac   0x080103ac   0x0000012c   Code   RO        13167    i.__hardfp_asinf    m_wm.l(asinf.o)
    0x080104d8   0x080104d8   0x00000250   Code   RO        13179    i.__hardfp_atan2f   m_wm.l(atan2f.o)
    0x08010728   0x08010728   0x00000014   Code   RO        13191    i.__hardfp_fabs     m_wm.l(fabs.o)
    0x0801073c   0x0801073c   0x0000003a   Code   RO        13229    i.__hardfp_sqrtf    m_wm.l(sqrtf_full.o)
    0x08010776   0x08010776   0x00000006   Code   RO        13471    i.__mathlib_flt_infnan  m_wm.l(funder.o)
    0x0801077c   0x0801077c   0x00000006   Code   RO        13472    i.__mathlib_flt_infnan2  m_wm.l(funder.o)
    0x08010782   0x08010782   0x00000002   PAD
    0x08010784   0x08010784   0x00000010   Code   RO        13473    i.__mathlib_flt_invalid  m_wm.l(funder.o)
    0x08010794   0x08010794   0x00000010   Code   RO        13476    i.__mathlib_flt_underflow  m_wm.l(funder.o)
    0x080107a4   0x080107a4   0x00000006   Code   RO         4319    i.__set_PRIMASK     fifo.o
    0x080107aa   0x080107aa   0x0000000e   Code   RO        13339    i._is_digit         c_w.l(__printf_wp.o)
    0x080107b8   0x080107b8   0x00000068   Code   RO         2284    i.aRGB_led_show     bsp_led.o
    0x08010820   0x08010820   0x00000030   Code   RO         4077    i.abs_limit         user_lib.o
    0x08010850   0x08010850   0x000001d0   Code   RO        12654    i.accel_comple_filter  AHRS.lib(ahrs.o)
    0x08010a20   0x08010a20   0x0000018c   Code   RO        12655    i.accel_update_kp_ki  AHRS.lib(ahrs.o)
    0x08010bac   0x08010bac   0x0000003c   Code   RO         1757    i.adcx_get_chx_value  bsp_adc.o
    0x08010be8   0x08010be8   0x0000016c   Code   RO        12656    i.angle_to_quat     AHRS.lib(ahrs.o)
    0x08010d54   0x08010d54   0x00000044   Code   RO         5609    i.battery_voltage_task  voltage_task.o
    0x08010d98   0x08010d98   0x00000134   Code   RO         3551    i.bmi088_accel_init  bmi088driver.o
    0x08010ecc   0x08010ecc   0x000002fc   Code   RO         3552    i.bmi088_accel_self_test  bmi088driver.o
    0x080111c8   0x080111c8   0x000000f4   Code   RO         3553    i.bmi088_gyro_init  bmi088driver.o
    0x080112bc   0x080112bc   0x000000d0   Code   RO         3554    i.bmi088_gyro_self_test  bmi088driver.o
    0x0801138c   0x0801138c   0x0000013c   Code   RO         2185    i.bsp_I2C_check_ack  bsp_i2c.o
    0x080114c8   0x080114c8   0x0000004c   Code   RO         2186    i.bsp_I2C_master_transmit  bsp_i2c.o
    0x08011514   0x08011514   0x0000004c   Code   RO         2187    i.bsp_I2C_reset     bsp_i2c.o
    0x08011560   0x08011560   0x00000010   Code   RO         1911    i.buzzer_off        bsp_buzzer.o
    0x08011570   0x08011570   0x00000014   Code   RO         1912    i.buzzer_on         bsp_buzzer.o
    0x08011584   0x08011584   0x000000e8   Code   RO         5610    i.calc_battery_percentage  voltage_task.o
    0x0801166c   0x0801166c   0x00000194   Code   RO         5078    i.calc_gimbal_cali  gimbal_task.o
    0x08011800   0x08011800   0x000000ec   Code   RO         4805    i.cali_data_read    calibrate_task.o
    0x080118ec   0x080118ec   0x0000008c   Code   RO         4806    i.cali_data_write   calibrate_task.o
    0x08011978   0x08011978   0x00000066   Code   RO         4807    i.cali_gimbal_hook  calibrate_task.o
    0x080119de   0x080119de   0x00000002   PAD
    0x080119e0   0x080119e0   0x00000064   Code   RO         4808    i.cali_gyro_hook    calibrate_task.o
    0x08011a44   0x08011a44   0x00000046   Code   RO         4809    i.cali_head_hook    calibrate_task.o
    0x08011a8a   0x08011a8a   0x00000002   PAD
    0x08011a8c   0x08011a8c   0x000000b8   Code   RO         4810    i.cali_param_init   calibrate_task.o
    0x08011b44   0x08011b44   0x00000148   Code   RO         4811    i.calibrate_task    calibrate_task.o
    0x08011c8c   0x08011c8c   0x0000005c   Code   RO         1945    i.can_filter_init   bsp_can.o
    0x08011ce8   0x08011ce8   0x000000cc   Code   RO         1580    i.chassis_behaviour_control_set  chassis_behaviour.o
    0x08011db4   0x08011db4   0x0000014c   Code   RO         1581    i.chassis_behaviour_mode_set  chassis_behaviour.o
    0x08011f00   0x08011f00   0x00000060   Code   RO         1582    i.chassis_engineer_follow_chassis_yaw_control  chassis_behaviour.o
    0x08011f60   0x08011f60   0x00000178   Code   RO         4941    i.chassis_feedback_update  chassis_task.o
    0x080120d8   0x080120d8   0x00000034   Code   RO         1583    i.chassis_infantry_follow_gimbal_yaw_control  chassis_behaviour.o
    0x0801210c   0x0801210c   0x00000070   Code   RO         4942    i.chassis_init      chassis_task.o
    0x0801217c   0x0801217c   0x00000914   Code   RO         4943    i.chassis_jude_mode  chassis_task.o
    0x08012a90   0x08012a90   0x00000084   Code   RO         4944    i.chassis_mode_change_control_transit  chassis_task.o
    0x08012b14   0x08012b14   0x00000026   Code   RO         1584    i.chassis_no_follow_yaw_control  chassis_behaviour.o
    0x08012b3a   0x08012b3a   0x00000002   PAD
    0x08012b3c   0x08012b3c   0x0000002c   Code   RO         1585    i.chassis_no_move_control  chassis_behaviour.o
    0x08012b68   0x08012b68   0x0000005c   Code   RO         1586    i.chassis_open_set_control  chassis_behaviour.o
    0x08012bc4   0x08012bc4   0x0000015c   Code   RO         4946    i.chassis_rc_to_control_vector  chassis_task.o
    0x08012d20   0x08012d20   0x00000340   Code   RO         4947    i.chassis_set_contorl  chassis_task.o
    0x08013060   0x08013060   0x00000012   Code   RO         4948    i.chassis_set_mode  chassis_task.o
    0x08013072   0x08013072   0x00000002   PAD
    0x08013074   0x08013074   0x0000005c   Code   RO         4949    i.chassis_task      chassis_task.o
    0x080130d0   0x080130d0   0x00000054   Code   RO         4950    i.chassis_vector_to_mecanum_wheel_speed  chassis_task.o
    0x08013124   0x08013124   0x0000002c   Code   RO         1587    i.chassis_zero_force_control  chassis_behaviour.o
    0x08013150   0x08013150   0x00000118   Code   RO         5079    i.cmd_cali_gimbal_hook  gimbal_task.o
    0x08013268   0x08013268   0x00000030   Code   RO         2014    i.delay_init        bsp_delay.o
    0x08013298   0x08013298   0x00000050   Code   RO         2016    i.delay_us          bsp_delay.o
    0x080132e8   0x080132e8   0x00000124   Code   RO         5035    i.detect_hook       detect_task.o
    0x0801340c   0x0801340c   0x00000184   Code   RO         5036    i.detect_init       detect_task.o
    0x08013590   0x08013590   0x00000288   Code   RO         5037    i.detect_task       detect_task.o
    0x08013818   0x08013818   0x0000003a   Code   RO         4337    i.fifo_s_get        fifo.o
    0x08013852   0x08013852   0x00000016   Code   RO         4340    i.fifo_s_init       fifo.o
    0x08013868   0x08013868   0x000000a0   Code   RO         4346    i.fifo_s_puts       fifo.o
    0x08013908   0x08013908   0x00000006   Code   RO         4348    i.fifo_s_used       fifo.o
    0x0801390e   0x0801390e   0x00000054   Code   RO         4080    i.first_order_filter_cali  user_lib.o
    0x08013962   0x08013962   0x00000002   PAD
    0x08013964   0x08013964   0x00000024   Code   RO         4081    i.first_order_filter_init  user_lib.o
    0x08013988   0x08013988   0x0000002e   Code   RO         2055    i.flash_erase_address  bsp_flash.o
    0x080139b6   0x080139b6   0x00000014   Code   RO         2056    i.flash_read        bsp_flash.o
    0x080139ca   0x080139ca   0x00000002   PAD
    0x080139cc   0x080139cc   0x00000098   Code   RO         2058    i.flash_write_single_address  bsp_flash.o
    0x08013a64   0x08013a64   0x00000018   Code   RO         2114    i.fric_off          bsp_fric.o
    0x08013a7c   0x08013a7c   0x000000f4   Code   RO         2059    i.ger_sector        bsp_flash.o
    0x08013b70   0x08013b70   0x00000034   Code   RO         4259    i.get_CRC16_check_sum  crc8_crc16.o
    0x08013ba4   0x08013ba4   0x00000024   Code   RO         4260    i.get_CRC8_check_sum  crc8_crc16.o
    0x08013bc8   0x08013bc8   0x00000008   Code   RO         5252    i.get_INS_angle_point  ins_task.o
    0x08013bd0   0x08013bd0   0x000000e8   Code   RO        12657    i.get_angle         AHRS.lib(ahrs.o)
    0x08013cb8   0x08013cb8   0x00000024   Code   RO         5611    i.get_battery_percentage  voltage_task.o
    0x08013cdc   0x08013cdc   0x00000048   Code   RO         1758    i.get_battery_voltage  bsp_adc.o
    0x08013d24   0x08013d24   0x00000018   Code   RO         2628    i.get_chassis_motor_measure_point  can_receive.o
    0x08013d3c   0x08013d3c   0x00000030   Code   RO         3296    i.get_chassis_power_and_buffer  referee_lib.o
    0x08013d6c   0x08013d6c   0x0000000c   Code   RO         4812    i.get_control_temperature  calibrate_task.o
    0x08013d78   0x08013d78   0x00000008   Code   RO         5038    i.get_error_list_point  detect_task.o
    0x08013d80   0x08013d80   0x00000008   Code   RO         5080    i.get_gimlal_data   gimbal_task.o
    0x08013d88   0x08013d88   0x00000008   Code   RO         5255    i.get_gyro_data_point  ins_task.o
    0x08013d90   0x08013d90   0x000000e8   Code   RO         2060    i.get_next_flash_address  bsp_flash.o
    0x08013e78   0x08013e78   0x00000008   Code   RO         2629    i.get_pitch_gimbal_motor_measure_point  can_receive.o
    0x08013e80   0x08013e80   0x00000008   Code   RO         5081    i.get_pitch_motor_point  gimbal_task.o
    0x08013e88   0x08013e88   0x00000008   Code   RO         3035    i.get_remote_control_point  remote_control.o
    0x08013e90   0x08013e90   0x0000000c   Code   RO         3298    i.get_robot_id      referee_lib.o
    0x08013e9c   0x08013e9c   0x00000008   Code   RO         2632    i.get_shoot_trigger_measure_point  can_receive.o
    0x08013ea4   0x08013ea4   0x0000005c   Code   RO         1760    i.get_temprate      bsp_adc.o
    0x08013f00   0x08013f00   0x00000008   Code   RO         2633    i.get_yaw_gimbal_motor_measure_point  can_receive.o
    0x08013f08   0x08013f08   0x00000008   Code   RO         5082    i.get_yaw_motor_point  gimbal_task.o
    0x08013f10   0x08013f10   0x000000bc   Code   RO         5083    i.gimbal_PID_calc   gimbal_task.o
    0x08013fcc   0x08013fcc   0x00000030   Code   RO         5084    i.gimbal_PID_clear  gimbal_task.o
    0x08013ffc   0x08013ffc   0x00000030   Code   RO         5085    i.gimbal_PID_init   gimbal_task.o
    0x0801402c   0x0801402c   0x00000080   Code   RO         5086    i.gimbal_absolute_PITCH_angle_limit  gimbal_task.o
    0x080140ac   0x080140ac   0x0000004c   Code   RO         5087    i.gimbal_absolute_YAW_angle_Visionlimit  gimbal_task.o
    0x080140f8   0x080140f8   0x0000004c   Code   RO         5088    i.gimbal_absolute_YAW_angle_limit  gimbal_task.o
    0x08014144   0x08014144   0x000000d4   Code   RO         2891    i.gimbal_absolute_angle_control  gimbal_behaviour.o
    0x08014218   0x08014218   0x000000a0   Code   RO         2892    i.gimbal_behaviour_control_set  gimbal_behaviour.o
    0x080142b8   0x080142b8   0x000000a0   Code   RO         2893    i.gimbal_behaviour_mode_set  gimbal_behaviour.o
    0x08014358   0x08014358   0x000001b4   Code   RO         2894    i.gimbal_behavour_set  gimbal_behaviour.o
    0x0801450c   0x0801450c   0x000001d0   Code   RO         2895    i.gimbal_cali_control  gimbal_behaviour.o
    0x080146dc   0x080146dc   0x0000002c   Code   RO         2896    i.gimbal_cmd_to_chassis_stop  gimbal_behaviour.o
    0x08014708   0x08014708   0x00000094   Code   RO         5089    i.gimbal_control_loop  gimbal_task.o
    0x0801479c   0x0801479c   0x00000088   Code   RO         5090    i.gimbal_feedback_update  gimbal_task.o
    0x08014824   0x08014824   0x0000014c   Code   RO         5091    i.gimbal_init       gimbal_task.o
    0x08014970   0x08014970   0x000000c4   Code   RO         2898    i.gimbal_init_control  gimbal_behaviour.o
    0x08014a34   0x08014a34   0x000000f4   Code   RO         5092    i.gimbal_mode_change_control_transit  gimbal_task.o
    0x08014b28   0x08014b28   0x00000020   Code   RO         2899    i.gimbal_motionless_control  gimbal_behaviour.o
    0x08014b48   0x08014b48   0x0000001a   Code   RO         5093    i.gimbal_motor_Vision_angle_control  gimbal_task.o
    0x08014b62   0x08014b62   0x0000005c   Code   RO         5094    i.gimbal_motor_absolute_angle_control  gimbal_task.o
    0x08014bbe   0x08014bbe   0x00000022   Code   RO         5095    i.gimbal_motor_raw_angle_control  gimbal_task.o
    0x08014be0   0x08014be0   0x0000005e   Code   RO         5096    i.gimbal_motor_relative_angle_control  gimbal_task.o
    0x08014c3e   0x08014c3e   0x0000004a   Code   RO         5097    i.gimbal_relative_PITCH_angle_limit  gimbal_task.o
    0x08014c88   0x08014c88   0x00000014   Code   RO         5098    i.gimbal_relative_YAW_angle_limit  gimbal_task.o
    0x08014c9c   0x08014c9c   0x000000d4   Code   RO         2900    i.gimbal_relative_angle_control  gimbal_behaviour.o
    0x08014d70   0x08014d70   0x000000cc   Code   RO         5099    i.gimbal_set_control  gimbal_task.o
    0x08014e3c   0x08014e3c   0x00000012   Code   RO         5100    i.gimbal_set_mode   gimbal_task.o
    0x08014e4e   0x08014e4e   0x00000002   PAD
    0x08014e50   0x08014e50   0x00000084   Code   RO         5101    i.gimbal_task       gimbal_task.o
    0x08014ed4   0x08014ed4   0x0000000c   Code   RO         2901    i.gimbal_vision_control  gimbal_behaviour.o
    0x08014ee0   0x08014ee0   0x00000020   Code   RO         2902    i.gimbal_zero_force_control  gimbal_behaviour.o
    0x08014f00   0x08014f00   0x00000054   Code   RO         5257    i.gyro_offset_calc  ins_task.o
    0x08014f54   0x08014f54   0x0000012c   Code   RO         5258    i.imu_cali_slove    ins_task.o
    0x08015080   0x08015080   0x000001a8   Code   RO         5259    i.imu_cmd_spi_dma   ins_task.o
    0x08015228   0x08015228   0x0000000c   Code   RO         2152    i.imu_pwm_set       bsp_imu_pwm.o
    0x08015234   0x08015234   0x000000b8   Code   RO         5260    i.imu_temp_control  ins_task.o
    0x080152ec   0x080152ec   0x000000c8   Code   RO         2988    i.init_referee_struct_data  referee.o
    0x080153b4   0x080153b4   0x00000040   Code   RO         1761    i.init_vrefint_reciprocal  bsp_adc.o
    0x080153f4   0x080153f4   0x00000002   Code   RO         3806    i.ist8310_GPIO_init  ist8310driver_middleware.o
    0x080153f6   0x080153f6   0x00000002   PAD
    0x080153f8   0x080153f8   0x00000028   Code   RO         3808    i.ist8310_IIC_read_single_reg  ist8310driver_middleware.o
    0x08015420   0x08015420   0x00000028   Code   RO         3810    i.ist8310_IIC_write_single_reg  ist8310driver_middleware.o
    0x08015448   0x08015448   0x00000014   Code   RO         3811    i.ist8310_RST_H     ist8310driver_middleware.o
    0x0801545c   0x0801545c   0x00000014   Code   RO         3812    i.ist8310_RST_L     ist8310driver_middleware.o
    0x08015470   0x08015470   0x00000002   Code   RO         3813    i.ist8310_com_init  ist8310driver_middleware.o
    0x08015472   0x08015472   0x0000000c   Code   RO         3814    i.ist8310_delay_ms  ist8310driver_middleware.o
    0x0801547e   0x0801547e   0x00000002   PAD
    0x08015480   0x08015480   0x00000094   Code   RO         3771    i.ist8310_init      ist8310driver.o
    0x08015514   0x08015514   0x00000010   Code   RO         2250    i.laser_off         bsp_laser.o
    0x08015524   0x08015524   0x00000010   Code   RO         2251    i.laser_on          bsp_laser.o
    0x08015534   0x08015534   0x000001b0   Code   RO         5412    i.led_RGB_flow_task  led_flow_task.o
    0x080156e4   0x080156e4   0x00000060   Code   RO         4087    i.loop_fp32_constrain  user_lib.o
    0x08015744   0x08015744   0x000000b8   Code   RO           16    i.main              main.o
    0x080157fc   0x080157fc   0x0000000c   Code   RO        11714    i.makeFreeRtosPriority  cmsis_os.o
    0x08015808   0x08015808   0x00000034   Code   RO         5102    i.motor_ecd_to_angle_change  gimbal_task.o
    0x0801583c   0x0801583c   0x00000214   Code   RO         5445    i.oled_task         oled_task.o
    0x08015a50   0x08015a50   0x00000030   Code   RO         3421    i.oled_write_byte   oled.o
    0x08015a80   0x08015a80   0x00000010   Code   RO        11716    i.osDelay           cmsis_os.o
    0x08015a90   0x08015a90   0x0000000a   Code   RO        11719    i.osKernelStart     cmsis_os.o
    0x08015a9a   0x08015a9a   0x0000005c   Code   RO        11753    i.osThreadCreate    cmsis_os.o
    0x08015af6   0x08015af6   0x00000002   PAD
    0x08015af8   0x08015af8   0x00000024   Code   RO        11181    i.pcTaskGetName     tasks.o
    0x08015b1c   0x08015b1c   0x0000021c   Code   RO         4655    i.pid_calc_old      my_pid.o
    0x08015d38   0x08015d38   0x00000014   Code   RO         4656    i.pid_param_init    my_pid.o
    0x08015d4c   0x08015d4c   0x0000000e   Code   RO         4657    i.pid_reset         my_pid.o
    0x08015d5a   0x08015d5a   0x00000002   PAD
    0x08015d5c   0x08015d5c   0x00000080   Code   RO        11182    i.prvAddCurrentTaskToDelayedList  tasks.o
    0x08015ddc   0x08015ddc   0x00000088   Code   RO        11183    i.prvAddNewTaskToReadyList  tasks.o
    0x08015e64   0x08015e64   0x0000005c   Code   RO        11546    i.prvCheckForValidListAndQueue  timers.o
    0x08015ec0   0x08015ec0   0x00000040   Code   RO        11184    i.prvCheckTasksWaitingTermination  tasks.o
    0x08015f00   0x08015f00   0x00000024   Code   RO        10838    i.prvCopyDataFromQueue  queue.o
    0x08015f24   0x08015f24   0x0000006e   Code   RO        10839    i.prvCopyDataToQueue  queue.o
    0x08015f92   0x08015f92   0x00000040   Code   RO        11185    i.prvDeleteTCB      tasks.o
    0x08015fd2   0x08015fd2   0x00000002   PAD
    0x08015fd4   0x08015fd4   0x00000024   Code   RO        11547    i.prvGetNextExpireTime  timers.o
    0x08015ff8   0x08015ff8   0x00000050   Code   RO        12093    i.prvHeapInit       heap_4.o
    0x08016048   0x08016048   0x00000028   Code   RO        11186    i.prvIdleTask       tasks.o
    0x08016070   0x08016070   0x00000018   Code   RO        10842    i.prvInitialiseNewQueue  queue.o
    0x08016088   0x08016088   0x00000098   Code   RO        11187    i.prvInitialiseNewTask  tasks.o
    0x08016120   0x08016120   0x00000060   Code   RO        11188    i.prvInitialiseTaskLists  tasks.o
    0x08016180   0x08016180   0x0000005c   Code   RO        12094    i.prvInsertBlockIntoFreeList  heap_4.o
    0x080161dc   0x080161dc   0x00000048   Code   RO        11549    i.prvInsertTimerInActiveList  timers.o
    0x08016224   0x08016224   0x0000001a   Code   RO        10843    i.prvIsQueueEmpty   queue.o
    0x0801623e   0x0801623e   0x0000001e   Code   RO        10844    i.prvIsQueueFull    queue.o
    0x0801625c   0x0801625c   0x00000068   Code   RO        11550    i.prvProcessExpiredTimer  timers.o
    0x080162c4   0x080162c4   0x00000110   Code   RO        11551    i.prvProcessReceivedCommands  timers.o
    0x080163d4   0x080163d4   0x0000006c   Code   RO        11552    i.prvProcessTimerOrBlockTask  timers.o
    0x08016440   0x08016440   0x00000024   Code   RO        11189    i.prvResetNextTaskUnblockTime  tasks.o
    0x08016464   0x08016464   0x0000002c   Code   RO        11553    i.prvSampleTimeNow  timers.o
    0x08016490   0x08016490   0x0000006e   Code   RO        11190    i.prvSearchForNameWithinSingleList  tasks.o
    0x080164fe   0x080164fe   0x00000002   PAD
    0x08016500   0x08016500   0x00000078   Code   RO        11554    i.prvSwitchTimerLists  timers.o
    0x08016578   0x08016578   0x00000018   Code   RO        11191    i.prvTaskCheckFreeStackSpace  tasks.o
    0x08016590   0x08016590   0x00000030   Code   RO        12149    i.prvTaskExitError  port.o
    0x080165c0   0x080165c0   0x00000014   Code   RO        11555    i.prvTimerTask      timers.o
    0x080165d4   0x080165d4   0x00000068   Code   RO        10845    i.prvUnlockQueue    queue.o
    0x0801663c   0x0801663c   0x000000e8   Code   RO        12095    i.pvPortMalloc      heap_4.o
    0x08016724   0x08016724   0x0000002c   Code   RO        12150    i.pxPortInitialiseStack  port.o
    0x08016750   0x08016750   0x00000084   Code   RO        12662    i.quat_normalization  AHRS.lib(ahrs.o)
    0x080167d4   0x080167d4   0x0000005a   Code   RO         4088    i.ramp_calc         user_lib.o
    0x0801682e   0x0801682e   0x0000005a   Code   RO         4089    i.ramp_calc_min     user_lib.o
    0x08016888   0x08016888   0x0000002c   Code   RO         4090    i.ramp_init         user_lib.o
    0x080168b4   0x080168b4   0x000001a4   Code   RO         2989    i.referee_data_solve  referee.o
    0x08016a58   0x08016a58   0x0000014c   Code   RO         5486    i.referee_unpack_fifo_data  referee_usart_task.o
    0x08016ba4   0x08016ba4   0x00000038   Code   RO         5487    i.referee_usart_task  referee_usart_task.o
    0x08016bdc   0x08016bdc   0x00000014   Code   RO         3036    i.remote_control_init  remote_control.o
    0x08016bf0   0x08016bf0   0x000000da   Code   RO         3037    i.sbus_to_rc        remote_control.o
    0x08016cca   0x08016cca   0x00000002   PAD
    0x08016ccc   0x08016ccc   0x00000058   Code   RO         3038    i.sbus_to_usart1    remote_control.o
    0x08016d24   0x08016d24   0x00000020   Code   RO         5103    i.set_cali_gimbal_hook  gimbal_task.o
    0x08016d44   0x08016d44   0x00000280   Code   RO         3120    i.shoot_control_loop  shoot.o
    0x08016fc4   0x08016fc4   0x00000018   Code   RO         3121    i.shoot_feedback_update  shoot.o
    0x08016fdc   0x08016fdc   0x00000118   Code   RO         3122    i.shoot_init        shoot.o
    0x080170f4   0x080170f4   0x00000178   Code   RO         3123    i.shoot_set_mode    shoot.o
    0x0801726c   0x0801726c   0x0000003e   Code   RO        13231    i.sqrtf             m_wm.l(sqrtf_full.o)
    0x080172aa   0x080172aa   0x0000000a   Code   RO         5575    i.test_task         test_task.o
    0x080172b4   0x080172b4   0x00000018   Code   RO         5039    i.toe_is_error      detect_task.o
    0x080172cc   0x080172cc   0x0000005c   Code   RO         3124    i.trigger_motor_turn_back  shoot.o
    0x08017328   0x08017328   0x00000068   Code   RO        11194    i.ulTaskNotifyTake  tasks.o
    0x08017390   0x08017390   0x0000007a   Code   RO        12663    i.update_w          AHRS.lib(ahrs.o)
    0x0801740a   0x0801740a   0x00000002   PAD
    0x0801740c   0x0801740c   0x000000a8   Code   RO         2425    i.usart1_tx_dma_enable  bsp_usart.o
    0x080174b4   0x080174b4   0x00000074   Code   RO         2426    i.usart1_tx_dma_init  bsp_usart.o
    0x08017528   0x08017528   0x00000138   Code   RO         2427    i.usart6_init       bsp_usart.o
    0x08017660   0x08017660   0x00000026   Code   RO        10798    i.uxListRemove      list.o
    0x08017686   0x08017686   0x00000002   PAD
    0x08017688   0x08017688   0x00000014   Code   RO        11197    i.uxTaskGetStackHighWaterMark  tasks.o
    0x0801769c   0x0801769c   0x00000018   Code   RO          444    i.vApplicationGetIdleTaskMemory  freertos.o
    0x080176b4   0x080176b4   0x00000018   Code   RO          445    i.vApplicationGetTimerTaskMemory  freertos.o
    0x080176cc   0x080176cc   0x00000016   Code   RO        10799    i.vListInitialise   list.o
    0x080176e2   0x080176e2   0x00000006   Code   RO        10800    i.vListInitialiseItem  list.o
    0x080176e8   0x080176e8   0x00000036   Code   RO        10801    i.vListInsert       list.o
    0x0801771e   0x0801771e   0x00000018   Code   RO        10802    i.vListInsertEnd    list.o
    0x08017736   0x08017736   0x00000002   PAD
    0x08017738   0x08017738   0x00000040   Code   RO        12152    i.vPortEnterCritical  port.o
    0x08017778   0x08017778   0x0000002c   Code   RO        12153    i.vPortExitCritical  port.o
    0x080177a4   0x080177a4   0x00000064   Code   RO        12096    i.vPortFree         heap_4.o
    0x08017808   0x08017808   0x00000024   Code   RO        12154    i.vPortSetupTimerInterrupt  port.o
    0x0801782c   0x0801782c   0x00000054   Code   RO        12155    i.vPortValidateInterruptPriority  port.o
    0x08017880   0x08017880   0x00000028   Code   RO        10849    i.vQueueAddToRegistry  queue.o
    0x080178a8   0x080178a8   0x0000004a   Code   RO        10852    i.vQueueWaitForMessageRestricted  queue.o
    0x080178f2   0x080178f2   0x00000002   PAD
    0x080178f4   0x080178f4   0x00000050   Code   RO        11201    i.vTaskDelay        tasks.o
    0x08017944   0x08017944   0x00000010   Code   RO        11205    i.vTaskInternalSetTimeOutState  tasks.o
    0x08017954   0x08017954   0x0000000c   Code   RO        11206    i.vTaskMissedYield  tasks.o
    0x08017960   0x08017960   0x000000bc   Code   RO        11207    i.vTaskNotifyGiveFromISR  tasks.o
    0x08017a1c   0x08017a1c   0x00000034   Code   RO        11208    i.vTaskPlaceOnEventList  tasks.o
    0x08017a50   0x08017a50   0x0000003c   Code   RO        11209    i.vTaskPlaceOnEventListRestricted  tasks.o
    0x08017a8c   0x08017a8c   0x00000090   Code   RO        11216    i.vTaskStartScheduler  tasks.o
    0x08017b1c   0x08017b1c   0x00000010   Code   RO        11218    i.vTaskSuspendAll   tasks.o
    0x08017b2c   0x08017b2c   0x00000060   Code   RO        11219    i.vTaskSwitchContext  tasks.o
    0x08017b8c   0x08017b8c   0x00000040   Code   RO         4261    i.verify_CRC16_check_sum  crc8_crc16.o
    0x08017bcc   0x08017bcc   0x0000002e   Code   RO         4262    i.verify_CRC8_check_sum  crc8_crc16.o
    0x08017bfa   0x08017bfa   0x00000002   PAD
    0x08017bfc   0x08017bfc   0x00000054   Code   RO         3221    i.vision_send       vision.o
    0x08017c50   0x08017c50   0x00000104   Code   RO        12156    i.xPortStartScheduler  port.o
    0x08017d54   0x08017d54   0x0000002c   Code   RO        12157    i.xPortSysTickHandler  port.o
    0x08017d80   0x08017d80   0x00000070   Code   RO        10856    i.xQueueGenericCreateStatic  queue.o
    0x08017df0   0x08017df0   0x00000090   Code   RO        10857    i.xQueueGenericReset  queue.o
    0x08017e80   0x08017e80   0x00000170   Code   RO        10858    i.xQueueGenericSend  queue.o
    0x08017ff0   0x08017ff0   0x000000be   Code   RO        10859    i.xQueueGenericSendFromISR  queue.o
    0x080180ae   0x080180ae   0x00000002   PAD
    0x080180b0   0x080180b0   0x00000148   Code   RO        10867    i.xQueueReceive     queue.o
    0x080181f8   0x080181f8   0x00000098   Code   RO        11222    i.xTaskCheckForTimeOut  tasks.o
    0x08018290   0x08018290   0x0000006c   Code   RO        11223    i.xTaskCreate       tasks.o
    0x080182fc   0x080182fc   0x00000060   Code   RO        11224    i.xTaskCreateStatic  tasks.o
    0x0801835c   0x0801835c   0x0000008c   Code   RO        11228    i.xTaskGetHandle    tasks.o
    0x080183e8   0x080183e8   0x0000001c   Code   RO        11229    i.xTaskGetSchedulerState  tasks.o
    0x08018404   0x08018404   0x0000000c   Code   RO        11230    i.xTaskGetTickCount  tasks.o
    0x08018410   0x08018410   0x000000d4   Code   RO        11232    i.xTaskIncrementTick  tasks.o
    0x080184e4   0x080184e4   0x0000009c   Code   RO        11235    i.xTaskPriorityDisinherit  tasks.o
    0x08018580   0x08018580   0x00000078   Code   RO        11237    i.xTaskRemoveFromEventList  tasks.o
    0x080185f8   0x080185f8   0x000000cc   Code   RO        11238    i.xTaskResumeAll    tasks.o
    0x080186c4   0x080186c4   0x00000068   Code   RO        11562    i.xTimerCreateTimerTask  timers.o
    0x0801872c   0x0801872c   0x00000074   Code   RO        11563    i.xTimerGenericCommand  timers.o
    0x080187a0   0x080187a0   0x0000002c   Code   RO        13604    locale$$code        c_w.l(lc_numeric_c.o)
    0x080187cc   0x080187cc   0x0000002c   Code   RO        13637    locale$$code        c_w.l(lc_ctype_c.o)
    0x080187f8   0x080187f8   0x000002c4   Code   RO        13129    x$fpl$d2f           g_wm.l(d2f_clz.o)
    0x08018abc   0x08018abc   0x0000024c   Code   RO        13131    x$fpl$dadd          g_wm.l(daddsub_clz.o)
    0x08018d08   0x08018d08   0x00000018   Code   RO        13419    x$fpl$dcmpinf       g_wm.l(dcmpi.o)
    0x08018d20   0x08018d20   0x0000001a   Code   RO        13143    x$fpl$dfltn         g_wm.l(dflt_clz.o)
    0x08018d3a   0x08018d3a   0x00000002   PAD
    0x08018d3c   0x08018d3c   0x00000078   Code   RO        13147    x$fpl$dleqf         g_wm.l(dleqf.o)
    0x08018db4   0x08018db4   0x00000102   Code   RO        13421    x$fpl$dnaninf       g_wm.l(dnaninf.o)
    0x08018eb6   0x08018eb6   0x00000070   Code   RO        13423    x$fpl$drenorm       g_wm.l(drenorm_clz.o)
    0x08018f26   0x08018f26   0x0000000c   Code   RO        13425    x$fpl$dretinf       g_wm.l(dretinf.o)
    0x08018f32   0x08018f32   0x00000062   Code   RO        13151    x$fpl$drleqf        g_wm.l(drleqf.o)
    0x08018f94   0x08018f94   0x0000029c   Code   RO        13133    x$fpl$dsub          g_wm.l(daddsub_clz.o)
    0x08019230   0x08019230   0x0000017a   Code   RO        13429    x$fpl$dunder        g_wm.l(dunder_clz.o)
    0x080193aa   0x080193aa   0x00000002   PAD
    0x080193ac   0x080193ac   0x000001ec   Code   RO        13431    x$fpl$exception     g_wm.l(except.o)
    0x08019598   0x08019598   0x0000007a   Code   RO        13153    x$fpl$f2d           g_wm.l(f2d.o)
    0x08019612   0x08019612   0x000000f2   Code   RO        13433    x$fpl$fnaninf       g_wm.l(fnaninf.o)
    0x08019704   0x08019704   0x0000000a   Code   RO        13556    x$fpl$fpinit        g_wm.l(fpinit.o)
    0x0801970e   0x0801970e   0x0000000a   Code   RO        13435    x$fpl$fretinf       g_wm.l(fretinf.o)
    0x08019718   0x08019718   0x0000013c   Code   RO        13437    x$fpl$funder        g_wm.l(funder_clz.o)
    0x08019854   0x08019854   0x00000020   Code   RO        13626    x$fpl$ieeestatus    g_wm.l(istatus.o)
    0x08019874   0x08019874   0x00000004   Code   RO        13439    x$fpl$printf1       g_wm.l(printf1.o)
    0x08019878   0x08019878   0x00000004   Code   RO        13441    x$fpl$printf2       g_wm.l(printf2.o)
    0x0801987c   0x0801987c   0x000000b2   Code   RO        13558    x$fpl$retnan        g_wm.l(retnan.o)
    0x0801992e   0x0801992e   0x0000007e   Code   RO        13449    x$fpl$trapveneer    g_wm.l(trapv.o)
    0x080199ac   0x080199ac   0x00000000   Code   RO        13451    x$fpl$usenofp       g_wm.l(usenofp.o)
    0x080199ac   0x080199ac   0x00000134   Data   RO          447    .constdata          freertos.o
    0x08019ae0   0x08019ae0   0x00000018   Data   RO         1722    .constdata          system_stm32f4xx.o
    0x08019af8   0x08019af8   0x00000018   Data   RO         2595    .constdata          bsp_pid.o
    0x08019b10   0x08019b10   0x0000115c   Data   RO         3423    .constdata          oled.o
    0x0801ac6c   0x0801ac6c   0x00000012   Data   RO         3559    .constdata          bmi088driver.o
    0x0801ac7e   0x0801ac7e   0x0000000c   Data   RO         3774    .constdata          ist8310driver.o
    0x0801ac8a   0x0801ac8a   0x00000302   Data   RO         4263    .constdata          crc8_crc16.o
    0x0801af8c   0x0801af8c   0x0000000f   Data   RO         4815    .constdata          calibrate_task.o
    0x0801af9b   0x0801af9b   0x00000001   PAD
    0x0801af9c   0x0801af9c   0x00000008   Data   RO         4952    .constdata          chassis_task.o
    0x0801afa4   0x0801afa4   0x00000054   Data   RO         5041    .constdata          detect_task.o
    0x0801aff8   0x0801aff8   0x00000018   Data   RO         5105    .constdata          gimbal_task.o
    0x0801b010   0x0801b010   0x00000018   Data   RO         5262    .constdata          ins_task.o
    0x0801b028   0x0801b028   0x00001164   Data   RO         5446    .constdata          oled_task.o
    0x0801c18c   0x0801c18c   0x00000008   Data   RO         6811    .constdata          stm32f4xx_hal_dma.o
    0x0801c194   0x0801c194   0x0000000c   Data   RO        12664    .constdata          AHRS.lib(ahrs.o)
    0x0801c1a0   0x0801c1a0   0x00000804   Data   RO        13018    .constdata          arm_cortexM4lf_math.lib(arm_common_tables.o)
    0x0801c9a4   0x0801c9a4   0x00000008   Data   RO        13298    .constdata          c_w.l(_printf_wctomb.o)
    0x0801c9ac   0x0801c9ac   0x00000028   Data   RO        13327    .constdata          c_w.l(_printf_hex_int_ll_ptr.o)
    0x0801c9d4   0x0801c9d4   0x00000011   Data   RO        13347    .constdata          c_w.l(__printf_flags_ss_wp.o)
    0x0801c9e5   0x0801c9e5   0x00000026   Data   RO        13534    .constdata          c_w.l(_printf_fp_hex.o)
    0x0801ca0b   0x0801ca0b   0x00000001   PAD
    0x0801ca0c   0x0801ca0c   0x00000094   Data   RO        13579    .constdata          c_w.l(bigflt0.o)
    0x0801caa0   0x0801caa0   0x00000065   Data   RO          448    .conststring        freertos.o
    0x0801cb05   0x0801cb05   0x00000003   PAD
    0x0801cb08   0x0801cb08   0x00000020   Data   RO        13690    Region$$Table       anon$$obj.o
    0x0801cb28   0x0801cb28   0x0000001c   Data   RO        13603    locale$$data        c_w.l(lc_numeric_c.o)
    0x0801cb44   0x0801cb44   0x00000110   Data   RO        13636    locale$$data        c_w.l(lc_ctype_c.o)


    Execution Region RW_IRAM2 (Exec base: 0x10000000, Load base: 0x0801cd54, Size: 0x00000000, Max: 0x00010000, ABSOLUTE)

    **** No section assigned to this execution region ****


    Execution Region RW_IRAM1 (Exec base: 0x20000000, Load base: 0x0801cc54, Size: 0x0000dd20, Max: 0x00020000, ABSOLUTE, COMPRESSED[0x00000100])

    Exec Addr    Load Addr    Size         Type   Attr      Idx    E Section Name        Object

    0x20000000   COMPRESSED   0x00000030   Data   RW          449    .data               freertos.o
    0x20000030   COMPRESSED   0x00000004   Data   RW          554    .data               can.o
    0x20000034   COMPRESSED   0x00000008   Data   RW          601    .data               crc.o
    0x2000003c   COMPRESSED   0x00000010   Data   RW         1588    .data               chassis_behaviour.o
    0x2000004c   COMPRESSED   0x00000004   Data   RW         1723    .data               system_stm32f4xx.o
    0x20000050   COMPRESSED   0x00000004   Data   RW         1763    .data               bsp_adc.o
    0x20000054   COMPRESSED   0x00000008   Data   RW         2017    .data               bsp_delay.o
    0x2000005c   COMPRESSED   0x00000010   Data   RW         2061    .data               bsp_flash.o
    0x2000006c   COMPRESSED   0x00000008   Data   RW         2285    .data               bsp_led.o
    0x20000074   COMPRESSED   0x00000015   Data   RW         2635    .data               can_receive.o
    0x20000089   COMPRESSED   0x00000007   PAD
    0x20000090   COMPRESSED   0x00000060   Data   RW         2831    .data               chassis_power_control.o
    0x200000f0   COMPRESSED   0x00000016   Data   RW         2903    .data               gimbal_behaviour.o
    0x20000106   COMPRESSED   0x0000002d   Data   RW         2991    .data               referee.o
    0x20000133   COMPRESSED   0x00000001   PAD
    0x20000134   COMPRESSED   0x00000003   Data   RW         3042    .data               remote_control.o
    0x20000137   COMPRESSED   0x00000001   PAD
    0x20000138   COMPRESSED   0x00000071   Data   RW         3126    .data               shoot.o
    0x200001a9   COMPRESSED   0x00000003   PAD
    0x200001ac   COMPRESSED   0x00000034   Data   RW         3223    .data               vision.o
    0x200001e0   COMPRESSED   0x00000008   Data   RW         3424    .data               oled.o
    0x200001e8   COMPRESSED   0x0000002c   Data   RW         3560    .data               bmi088driver.o
    0x20000214   COMPRESSED   0x00000002   Data   RW         4264    .data               crc8_crc16.o
    0x20000216   COMPRESSED   0x00000002   PAD
    0x20000218   COMPRESSED   0x00000054   Data   RW         4816    .data               calibrate_task.o
    0x2000026c   COMPRESSED   0x0000002c   Data   RW         4953    .data               chassis_task.o
    0x20000298   COMPRESSED   0x00000009   Data   RW         5042    .data               detect_task.o
    0x200002a1   COMPRESSED   0x00000003   PAD
    0x200002a4   COMPRESSED   0x0000001c   Data   RW         5106    .data               gimbal_task.o
    0x200002c0   COMPRESSED   0x000000b0   Data   RW         5263    .data               ins_task.o
    0x20000370   COMPRESSED   0x0000001c   Data   RW         5413    .data               led_flow_task.o
    0x2000038c   COMPRESSED   0x00000017   Data   RW         5447    .data               oled_task.o
    0x200003a3   COMPRESSED   0x00000001   PAD
    0x200003a4   COMPRESSED   0x00000002   Data   RW         5489    .data               referee_usart_task.o
    0x200003a6   COMPRESSED   0x00000002   PAD
    0x200003a8   COMPRESSED   0x00000008   Data   RW         5612    .data               voltage_task.o
    0x200003b0   COMPRESSED   0x00000038   Data   RW         5651    .data               vision_task.o
    0x200003e8   COMPRESSED   0x0000000c   Data   RW         7233    .data               stm32f4xx_hal.o
    0x200003f4   COMPRESSED   0x0000003c   Data   RW        11241    .data               tasks.o
    0x20000430   COMPRESSED   0x00000014   Data   RW        11571    .data               timers.o
    0x20000444   COMPRESSED   0x00000020   Data   RW        12102    .data               heap_4.o
    0x20000464   COMPRESSED   0x0000000c   Data   RW        12158    .data               port.o
    0x20000470   COMPRESSED   0x00000001   Data   RW        12404    .data               usbd_ctlreq.o
    0x20000471   COMPRESSED   0x00000003   PAD
    0x20000474   COMPRESSED   0x00000010   Data   RW        12665    .data               AHRS.lib(ahrs.o)
    0x20000484        -       0x000006a8   Zero   RW          446    .bss                freertos.o
    0x20000b2c        -       0x00000090   Zero   RW          505    .bss                adc.o
    0x20000bbc        -       0x00000050   Zero   RW          553    .bss                can.o
    0x20000c0c        -       0x0000015c   Zero   RW          669    .bss                i2c.o
    0x20000d68        -       0x00000010   Zero   RW          721    .bss                rng.o
    0x20000d78        -       0x00000020   Zero   RW          763    .bss                rtc.o
    0x20000d98        -       0x00000170   Zero   RW          806    .bss                spi.o
    0x20000f08        -       0x00000288   Zero   RW          865    .bss                tim.o
    0x20001190        -       0x000002ac   Zero   RW          969    .bss                usart.o
    0x2000143c        -       0x0000072c   Zero   RW         1097    .bss                usbd_conf.o
    0x20001b68        -       0x00000010   Zero   RW         1762    .bss                bsp_adc.o
    0x20001b78        -       0x00000064   Zero   RW         2429    .bss                bsp_usart.o
    0x20001bdc        -       0x0000000c   Zero   RW         2594    .bss                bsp_pid.o
    0x20001be8        -       0x000000e4   Zero   RW         2634    .bss                can_receive.o
    0x20001ccc   COMPRESSED   0x00000004   PAD
    0x20001cd0        -       0x00000220   Zero   RW         2830    .bss                chassis_power_control.o
    0x20001ef0        -       0x00000072   Zero   RW         2990    .bss                referee.o
    0x20001f62        -       0x00000072   Zero   RW         3041    .bss                remote_control.o
    0x20001fd4        -       0x00000258   Zero   RW         3125    .bss                shoot.o
    0x2000222c        -       0x000000ec   Zero   RW         3222    .bss                vision.o
    0x20002318        -       0x00000417   Zero   RW         3422    .bss                oled.o
    0x2000272f   COMPRESSED   0x00000001   PAD
    0x20002730        -       0x000000d8   Zero   RW         4658    .bss                my_pid.o
    0x20002808        -       0x00000115   Zero   RW         4814    .bss                calibrate_task.o
    0x2000291d   COMPRESSED   0x00000003   PAD
    0x20002920        -       0x00000248   Zero   RW         4951    .bss                chassis_task.o
    0x20002b68        -       0x0000021c   Zero   RW         5040    .bss                detect_task.o
    0x20002d84        -       0x000001e8   Zero   RW         5104    .bss                gimbal_task.o
    0x20002f6c        -       0x00000134   Zero   RW         5261    .bss                ins_task.o
    0x200030a0        -       0x000008a1   Zero   RW         5488    .bss                referee_usart_task.o
    0x20003941   COMPRESSED   0x00000003   PAD
    0x20003944        -       0x0000011c   Zero   RW         5650    .bss                vision_task.o
    0x20003a60        -       0x00000020   Zero   RW         6465    .bss                stm32f4xx_hal_flash.o
    0x20003a80        -       0x00000040   Zero   RW        10870    .bss                queue.o
    0x20003ac0        -       0x000000f0   Zero   RW        11240    .bss                tasks.o
    0x20003bb0        -       0x00000110   Zero   RW        11570    .bss                timers.o
    0x20003cc0        -       0x00006000   Zero   RW        12101    .bss                heap_4.o
    0x20009cc0        -       0x00000060   Zero   RW        13493    .bss                c_w.l(libspace.o)
    0x20009d20        -       0x00002000   Zero   RW            2    HEAP                startup_stm32f407xx.o
    0x2000bd20        -       0x00002000   Zero   RW            1    STACK               startup_stm32f407xx.o


==============================================================================

Image component sizes


      Code (inc. data)   RO Data    RW Data    ZI Data      Debug   Object Name

       396         42          0          0        144       2326   adc.o
       168          4          0          0          0       5384   ahrs_middleware.o
      2338         40         18         44          0      10519   bmi088driver.o
       140         28          0          0          0       4828   bmi088middleware.o
       288         44          0          4         16     623228   bsp_adc.o
        36         12          0          0          0        993   bsp_buzzer.o
        92          8          0          0          0        590   bsp_can.o
       128         20          0          8          0       1324   bsp_delay.o
       694        108          0         16          0       3957   bsp_flash.o
        24          6          0          0          0        455   bsp_fric.o
      1260        100          0          0          0       5729   bsp_i2c.o
        12          4          0          0          0        502   bsp_imu_pwm.o
        32         10          0          0          0        911   bsp_laser.o
       104         22          0          8          0        592   bsp_led.o
       132         26         24          0         12       1205   bsp_pid.o
       260         28          0          0          0       1979   bsp_rc.o
     10428        170          0          0          0       5662   bsp_spi.o
      1122         66          0          0        100       4611   bsp_usart.o
      2056        108         15         84        277      11818   calibrate_task.o
       488         44          0          4         80       2394   can.o
      1312        102          0         21        228     640912   can_receive.o
       902         54          0         16          0      36858   chassis_behaviour.o
      2100        154          0         96        544       4705   chassis_power_control.o
      4358        364          8         44        584      10139   chassis_task.o
       130          0          0          0          0      22907   cmsis_os.o
        84         18          0          8          0       1475   crc.o
       198         16        770          2          0       3677   crc8_crc16.o
      1360         50         84          9        540       3813   detect_task.o
       200          6          0          0          0        846   dma.o
         0          0          0          0          0      18224   event_groups.o
       258          0          0          0          0       9731   fifo.o
        98          6          0          0          0       1405   filter.o
       368         70        409         48       1704       3958   freertos.o
      1960        146          0         22          0       9319   gimbal_behaviour.o
      2910        142         24         28        488      18423   gimbal_task.o
       632         26          0          0          0       1335   gpio.o
       504         32          0         32      24576       5027   heap_4.o
       700         80          0          0        348       3068   i2c.o
      4432        344         24        176        308      17598   ins_task.o
       148          6         12          0          0       1955   ist8310driver.o
       136         22          0          0          0       3971   ist8310driver_middleware.o
       432         10          0         28          0       1641   led_flow_task.o
       144          0          0          0          0       3602   list.o
       366         18          0          0          0     837771   main.o
       654         14          0          0        216       4838   my_pid.o
      1092         56       4444          8       1047      11323   oled.o
       532         42       4452         23          0       2950   oled_task.o
       668         12          0          0          0       3022   pid.o
       814         92          0         12          0      12049   port.o
      1586         24          0          0         64      17444   queue.o
       620        148          0         45        114       8038   referee.o
       126         38          0          0          0       3842   referee_lib.o
       684         50          0          2       2209       3952   referee_usart_task.o
       674         50          0          3        114       4376   remote_control.o
        84         18          0          0         16       1475   rng.o
       116         22          0          0         32       1503   rtc.o
      1832        282          0        113        600      14084   shoot.o
       604         54          0          0        368       2560   spi.o
        64         26        392          0      16384        848   startup_stm32f407xx.o
       148         24          0         12          0       8785   stm32f4xx_hal.o
      1262         42          0          0          0       5318   stm32f4xx_hal_adc.o
      2004          6          0          0          0      14719   stm32f4xx_hal_can.o
       208         16          0          0          0      33679   stm32f4xx_hal_cortex.o
        36          0          0          0          0       1055   stm32f4xx_hal_crc.o
      1036         18          8          0          0       5900   stm32f4xx_hal_dma.o
       568         74          0          0         32       6090   stm32f4xx_hal_flash.o
       380         24          0          0          0       3334   stm32f4xx_hal_flash_ex.o
       566         24          0          0          0       3003   stm32f4xx_hal_gpio.o
      3328         64          0          0          0      15548   stm32f4xx_hal_i2c.o
        84          6          0          0          0        842   stm32f4xx_hal_msp.o
      2358         12          0          0          0      11070   stm32f4xx_hal_pcd.o
         2          0          0          0          0        941   stm32f4xx_hal_pcd_ex.o
      1722        104          0          0          0       6520   stm32f4xx_hal_rcc.o
       380         34          0          0          0       1520   stm32f4xx_hal_rcc_ex.o
        52          0          0          0          0       1087   stm32f4xx_hal_rng.o
       324          0          0          0          0       3339   stm32f4xx_hal_rtc.o
      1010         14          0          0          0       4749   stm32f4xx_hal_spi.o
      2200         56          0          0          0      17489   stm32f4xx_hal_tim.o
       236          0          0          0          0       3413   stm32f4xx_hal_tim_ex.o
       690          4          0          0          0       4056   stm32f4xx_hal_uart.o
       208         48          0          0          0       9183   stm32f4xx_it.o
      2118         80          0          0          0      16546   stm32f4xx_ll_usb.o
       100         18         24          4          0       1167   system_stm32f4xx.o
      2902        244          0         60        240      34053   tasks.o
        10          0          0          0          0        496   test_task.o
      2536        192          0          0        648       8786   tim.o
      1088         94          0         20        272      30799   timers.o
      1012         92          0          0        684       3543   usart.o
       632          6          0          0       1836      12710   usbd_conf.o
       866          0          0          0          0      12615   usbd_core.o
      1812         28          0          1          0      16415   usbd_ctlreq.o
       102          0          0          0          0       3832   usbd_ioreq.o
       538          8          0          0          0       6630   user_lib.o
       418         50          0         52        236      21281   vision.o
       618         72          0         56        284       2500   vision_task.o
       336         72          0          8          0       2029   voltage_task.o

    ----------------------------------------------------------------------
     88062       5010      10744       1140      55356    2778713   Object Totals
         0          0         32          0          0          0   (incl. Generated)
        92          0          4         23         11          0   (incl. Padding)

    ----------------------------------------------------------------------

      Code (inc. data)   RO Data    RW Data    ZI Data      Debug   Library Member Name

      2718         84         12         16          0       9922   ahrs.o
         0          0       2052          0          0       4636   arm_common_tables.o
       120         12          0          0          0      16970   arm_cos_f32.o
       116         12          0          0          0        658   arm_sin_f32.o
        90          0          0          0          0          0   __dczerorl2.o
         8          0          0          0          0         68   __main.o
       392          4         17          0          0         92   __printf_flags_ss_wp.o
        14          0          0          0          0         68   __printf_wp.o
         0          0          0          0          0          0   __rtentry.o
        12          0          0          0          0          0   __rtentry2.o
         6          0          0          0          0          0   __rtentry4.o
        52          8          0          0          0          0   __scatter.o
        28          0          0          0          0          0   __scatter_zi.o
        48          4          0          0          0         84   _fptrap.o
         6          0          0          0          0          0   _printf_a.o
         6          0          0          0          0          0   _printf_c.o
        44          0          0          0          0        108   _printf_char.o
        48          6          0          0          0         96   _printf_char_common.o
        40          0          0          0          0         68   _printf_charcount.o
         6          0          0          0          0          0   _printf_d.o
       120         16          0          0          0         92   _printf_dec.o
         6          0          0          0          0          0   _printf_e.o
         6          0          0          0          0          0   _printf_f.o
      1050          0          0          0          0        216   _printf_fp_dec.o
       764         10         38          0          0        100   _printf_fp_hex.o
       128         16          0          0          0         84   _printf_fp_infnan.o
         6          0          0          0          0          0   _printf_g.o
       148          4         40          0          0        160   _printf_hex_int_ll_ptr.o
         6          0          0          0          0          0   _printf_i.o
       178          0          0          0          0         88   _printf_intcommon.o
        10          0          0          0          0          0   _printf_l.o
         6          0          0          0          0          0   _printf_lc.o
        10          0          0          0          0          0   _printf_ll.o
         6          0          0          0          0          0   _printf_lld.o
         6          0          0          0          0          0   _printf_lli.o
         6          0          0          0          0          0   _printf_llo.o
         6          0          0          0          0          0   _printf_llu.o
         6          0          0          0          0          0   _printf_llx.o
       124         16          0          0          0         92   _printf_longlong_dec.o
         6          0          0          0          0          0   _printf_ls.o
         6          0          0          0          0          0   _printf_n.o
         6          0          0          0          0          0   _printf_o.o
       112          8          0          0          0        124   _printf_oct_int_ll.o
         6          0          0          0          0          0   _printf_p.o
        78          0          0          0          0        108   _printf_pad.o
         0          0          0          0          0          0   _printf_percent.o
         4          0          0          0          0          0   _printf_percent_end.o
         6          0          0          0          0          0   _printf_s.o
        82          0          0          0          0         80   _printf_str.o
        36          0          0          0          0         84   _printf_truncate.o
         6          0          0          0          0          0   _printf_u.o
        44          0          0          0          0        108   _printf_wchar.o
       188          6          8          0          0         92   _printf_wctomb.o
         6          0          0          0          0          0   _printf_x.o
        22          0          0          0          0        100   _rserrno.o
        10          0          0          0          0         68   _sputc.o
        64          0          0          0          0         92   _wcrtomb.o
        16          0          0          0          0         68   aeabi_memset.o
       220          4        148          0          0         96   bigflt0.o
      1910        128          0          0          0        672   btod.o
        10          0          0          0          0         68   defsig_exit.o
       172        110          0          0          0         76   defsig_fpe_inner.o
        14          0          0          0          0         80   defsig_fpe_outer.o
        50          0          0          0          0         88   defsig_general.o
        12          0          0          0          0         72   exit.o
         6          0          0          0          0        152   heapauxi.o
         0          0          0          0          0          0   indicate_semi.o
        44         10        272          0          0         76   lc_ctype_c.o
        44         10         28          0          0         76   lc_numeric_c.o
         2          0          0          0          0          0   libinit.o
        34          0          0          0          0          0   libinit2.o
         2          0          0          0          0          0   libshutdown.o
         2          0          0          0          0          0   libshutdown2.o
         8          4          0          0         96         68   libspace.o
       138          0          0          0          0         80   lludiv10.o
       238          0          0          0          0        100   lludivv7m.o
        16          4          0          0          0         76   rt_ctype_table.o
         8          4          0          0          0         68   rt_errno_addr_intlibspace.o
         8          4          0          0          0         68   rt_locale_intlibspace.o
        68          0          0          0          0         68   rt_memclr.o
        78          0          0          0          0         80   rt_memclr_w.o
       138          0          0          0          0         68   rt_memcpy_v6.o
       100          0          0          0          0         80   rt_memcpy_w.o
         2          0          0          0          0          0   rtexit.o
        10          0          0          0          0          0   rtexit2.o
       128          0          0          0          0         68   strcmpv7m.o
        62          0          0          0          0         76   strlen.o
        12          4          0          0          0         68   sys_exit.o
        74          0          0          0          0         80   sys_stackheap_outer.o
        14          0          0          0          0         76   sys_wrch.o
         2          0          0          0          0         68   use_no_semi.o
        36          4          0          0          0         76   vsprintf.o
       708         16          0          0          0        140   d2f_clz.o
      1256         28          0          0          0        408   daddsub_clz.o
        24          0          0          0          0        116   dcmpi.o
        26          0          0          0          0        116   dflt_clz.o
       120          8          0          0          0        140   dleqf.o
       258          4          0          0          0        156   dnaninf.o
       112          0          0          0          0        160   drenorm_clz.o
        12          0          0          0          0        116   dretinf.o
        98          0          0          0          0        128   drleqf.o
       378          0          0          0          0        168   dunder_clz.o
       492         36          0          0          0        148   except.o
       122          8          0          0          0        132   f2d.o
       242          4          0          0          0        144   fnaninf.o
        10          0          0          0          0        116   fpinit.o
        10          0          0          0          0        116   fretinf.o
       316          0          0          0          0        132   funder_clz.o
        32          4          0          0          0        116   istatus.o
         4          0          0          0          0        116   printf1.o
         4          0          0          0          0        116   printf2.o
       178          0          0          0          0        116   retnan.o
       126          0          0          0          0        148   trapv.o
         0          0          0          0          0          0   usenofp.o
       300         42          0          0          0        176   asinf.o
       592         90          0          0          0        184   atan2f.o
        20          0          0          0          0        124   fabs.o
        48          0          0          0          0        124   fpclassify.o
        38          0          0          0          0        116   fpclassifyf.o
        44         12          0          0          0        464   funder.o
       120          0          0          0          0        272   sqrtf_full.o

    ----------------------------------------------------------------------
     16422        744       2616         16         96      41758   Library Totals
        26          0          1          0          0          0   (incl. Padding)

    ----------------------------------------------------------------------

      Code (inc. data)   RO Data    RW Data    ZI Data      Debug   Library Name

      2718         84         12         16          0       9922   AHRS.lib
       236         24       2052          0          0      22264   arm_cortexM4lf_math.lib
      7752        384        551          0         96       5064   c_w.l
      4528        108          0          0          0       3048   g_wm.l
      1162        144          0          0          0       1460   m_wm.l

    ----------------------------------------------------------------------
     16422        744       2616         16         96      41758   Library Totals

    ----------------------------------------------------------------------

==============================================================================


      Code (inc. data)   RO Data    RW Data    ZI Data      Debug   

    104484       5754      13360       1156      55452    2755911   Grand Totals
    104484       5754      13360        256      55452    2755911   ELF Image Totals (compressed)
    104484       5754      13360        256          0          0   ROM Totals

==============================================================================

    Total RO  Size (Code + RO Data)               117844 ( 115.08kB)
    Total RW  Size (RW Data + ZI Data)             56608 (  55.28kB)
    Total ROM Size (Code + RO Data + RW Data)     118100 ( 115.33kB)

==============================================================================

